Archive member included to satisfy reference by file (symbol)

c:/program files (x86)/atollic/truestudio for stm32 9.0.0/armtools/bin/../lib/gcc/arm-atollic-eabi/6.3.1/../../../../arm-atollic-eabi/lib/armv7e-m/fpu\libc_nano.a(lib_a-init.o)
                              startup\startup_stm32f411xe.o (__libc_init_array)
c:/program files (x86)/atollic/truestudio for stm32 9.0.0/armtools/bin/../lib/gcc/arm-atollic-eabi/6.3.1/../../../../arm-atollic-eabi/lib/armv7e-m/fpu\libc_nano.a(lib_a-malloc.o)
                              Middlewares\ST\STM32_USB_Device_Library\Class\CDC\Src\usbd_cdc.o (malloc)
c:/program files (x86)/atollic/truestudio for stm32 9.0.0/armtools/bin/../lib/gcc/arm-atollic-eabi/6.3.1/../../../../arm-atollic-eabi/lib/armv7e-m/fpu\libc_nano.a(lib_a-memcpy-stub.o)
                              Middlewares\Third_Party\FreeRTOS\Source\queue.o (memcpy)
c:/program files (x86)/atollic/truestudio for stm32 9.0.0/armtools/bin/../lib/gcc/arm-atollic-eabi/6.3.1/../../../../arm-atollic-eabi/lib/armv7e-m/fpu\libc_nano.a(lib_a-nano-freer.o)
                              c:/program files (x86)/atollic/truestudio for stm32 9.0.0/armtools/bin/../lib/gcc/arm-atollic-eabi/6.3.1/../../../../arm-atollic-eabi/lib/armv7e-m/fpu\libc_nano.a(lib_a-malloc.o) (_free_r)
c:/program files (x86)/atollic/truestudio for stm32 9.0.0/armtools/bin/../lib/gcc/arm-atollic-eabi/6.3.1/../../../../arm-atollic-eabi/lib/armv7e-m/fpu\libc_nano.a(lib_a-nano-mallocr.o)
                              c:/program files (x86)/atollic/truestudio for stm32 9.0.0/armtools/bin/../lib/gcc/arm-atollic-eabi/6.3.1/../../../../arm-atollic-eabi/lib/armv7e-m/fpu\libc_nano.a(lib_a-malloc.o) (_malloc_r)
c:/program files (x86)/atollic/truestudio for stm32 9.0.0/armtools/bin/../lib/gcc/arm-atollic-eabi/6.3.1/../../../../arm-atollic-eabi/lib/armv7e-m/fpu\libc_nano.a(lib_a-sbrkr.o)
                              c:/program files (x86)/atollic/truestudio for stm32 9.0.0/armtools/bin/../lib/gcc/arm-atollic-eabi/6.3.1/../../../../arm-atollic-eabi/lib/armv7e-m/fpu\libc_nano.a(lib_a-nano-mallocr.o) (_sbrk_r)
c:/program files (x86)/atollic/truestudio for stm32 9.0.0/armtools/bin/../lib/gcc/arm-atollic-eabi/6.3.1/../../../../arm-atollic-eabi/lib/armv7e-m/fpu\libc_nano.a(lib_a-sprintf.o)
                              Src\main.o (sprintf)
c:/program files (x86)/atollic/truestudio for stm32 9.0.0/armtools/bin/../lib/gcc/arm-atollic-eabi/6.3.1/../../../../arm-atollic-eabi/lib/armv7e-m/fpu\libc_nano.a(lib_a-impure.o)
                              c:/program files (x86)/atollic/truestudio for stm32 9.0.0/armtools/bin/../lib/gcc/arm-atollic-eabi/6.3.1/../../../../arm-atollic-eabi/lib/armv7e-m/fpu\libc_nano.a(lib_a-malloc.o) (_impure_ptr)
c:/program files (x86)/atollic/truestudio for stm32 9.0.0/armtools/bin/../lib/gcc/arm-atollic-eabi/6.3.1/../../../../arm-atollic-eabi/lib/armv7e-m/fpu\libc_nano.a(lib_a-mlock.o)
                              c:/program files (x86)/atollic/truestudio for stm32 9.0.0/armtools/bin/../lib/gcc/arm-atollic-eabi/6.3.1/../../../../arm-atollic-eabi/lib/armv7e-m/fpu\libc_nano.a(lib_a-nano-freer.o) (__malloc_lock)
c:/program files (x86)/atollic/truestudio for stm32 9.0.0/armtools/bin/../lib/gcc/arm-atollic-eabi/6.3.1/../../../../arm-atollic-eabi/lib/armv7e-m/fpu\libc_nano.a(lib_a-nano-svfprintf.o)
                              c:/program files (x86)/atollic/truestudio for stm32 9.0.0/armtools/bin/../lib/gcc/arm-atollic-eabi/6.3.1/../../../../arm-atollic-eabi/lib/armv7e-m/fpu\libc_nano.a(lib_a-sprintf.o) (_svfprintf_r)
c:/program files (x86)/atollic/truestudio for stm32 9.0.0/armtools/bin/../lib/gcc/arm-atollic-eabi/6.3.1/../../../../arm-atollic-eabi/lib/armv7e-m/fpu\libc_nano.a(lib_a-nano-vfprintf_i.o)
                              c:/program files (x86)/atollic/truestudio for stm32 9.0.0/armtools/bin/../lib/gcc/arm-atollic-eabi/6.3.1/../../../../arm-atollic-eabi/lib/armv7e-m/fpu\libc_nano.a(lib_a-nano-svfprintf.o) (_printf_i)
c:/program files (x86)/atollic/truestudio for stm32 9.0.0/armtools/bin/../lib/gcc/arm-atollic-eabi/6.3.1/../../../../arm-atollic-eabi/lib/armv7e-m/fpu\libc_nano.a(lib_a-reent.o)
                              c:/program files (x86)/atollic/truestudio for stm32 9.0.0/armtools/bin/../lib/gcc/arm-atollic-eabi/6.3.1/../../../../arm-atollic-eabi/lib/armv7e-m/fpu\libc_nano.a(lib_a-sbrkr.o) (errno)
c:/program files (x86)/atollic/truestudio for stm32 9.0.0/armtools/bin/../lib/gcc/arm-atollic-eabi/6.3.1/../../../../arm-atollic-eabi/lib/armv7e-m/fpu\libc_nano.a(lib_a-memchr.o)
                              c:/program files (x86)/atollic/truestudio for stm32 9.0.0/armtools/bin/../lib/gcc/arm-atollic-eabi/6.3.1/../../../../arm-atollic-eabi/lib/armv7e-m/fpu\libc_nano.a(lib_a-nano-svfprintf.o) (memchr)
c:/program files (x86)/atollic/truestudio for stm32 9.0.0/armtools/bin/../lib/gcc/arm-atollic-eabi/6.3.1/../../../../arm-atollic-eabi/lib/armv7e-m/fpu\libc_nano.a(lib_a-memmove.o)
[...]
Memory Configuration

Name             Origin             Length             Attributes
RAM              0x20000000         0x00020000         xrw
FLASH            0x08000000         0x00080000         xr
*default*        0x00000000         0xffffffff

Linker script and memory map

LOAD c:/program files (x86)/atollic/truestudio for stm32 9.0.0/armtools/bin/../lib/gcc/arm-atollic-eabi/6.3.1/armv7e-m/fpu/crti.o
LOAD c:/program files (x86)/atollic/truestudio for stm32 9.0.0/armtools/bin/../lib/gcc/arm-atollic-eabi/6.3.1/armv7e-m/fpu/crtbegin.o
LOAD Drivers\STM32F4xx_HAL_Driver\Src\stm32f4xx_hal.o
LOAD Drivers\STM32F4xx_HAL_Driver\Src\stm32f4xx_hal_cortex.o
LOAD Drivers\STM32F4xx_HAL_Driver\Src\stm32f4xx_hal_dma.o
LOAD Drivers\STM32F4xx_HAL_Driver\Src\stm32f4xx_hal_dma_ex.o
LOAD Drivers\STM32F4xx_HAL_Driver\Src\stm32f4xx_hal_flash.o
LOAD Drivers\STM32F4xx_HAL_Driver\Src\stm32f4xx_hal_flash_ex.o
LOAD Drivers\STM32F4xx_HAL_Driver\Src\stm32f4xx_hal_flash_ramfunc.o
LOAD Drivers\STM32F4xx_HAL_Driver\Src\stm32f4xx_hal_gpio.o
LOAD Drivers\STM32F4xx_HAL_Driver\Src\stm32f4xx_hal_pcd.o
LOAD Drivers\STM32F4xx_HAL_Driver\Src\stm32f4xx_hal_pcd_ex.o
LOAD Drivers\STM32F4xx_HAL_Driver\Src\stm32f4xx_hal_pwr.o
LOAD Drivers\STM32F4xx_HAL_Driver\Src\stm32f4xx_hal_pwr_ex.o
LOAD Drivers\STM32F4xx_HAL_Driver\Src\stm32f4xx_hal_rcc.o
LOAD Drivers\STM32F4xx_HAL_Driver\Src\stm32f4xx_hal_rcc_ex.o
LOAD Drivers\STM32F4xx_HAL_Driver\Src\stm32f4xx_hal_tim.o
LOAD Drivers\STM32F4xx_HAL_Driver\Src\stm32f4xx_hal_tim_ex.o
LOAD Drivers\STM32F4xx_HAL_Driver\Src\stm32f4xx_ll_usb.o
LOAD Middlewares\ST\STM32_USB_Device_Library\Class\CDC\Src\usbd_cdc.o
LOAD Middlewares\ST\STM32_USB_Device_Library\Core\Src\usbd_core.o
LOAD Middlewares\ST\STM32_USB_Device_Library\Core\Src\usbd_ctlreq.o
LOAD Middlewares\ST\STM32_USB_Device_Library\Core\Src\usbd_ioreq.o
LOAD Middlewares\Third_Party\FreeRTOS\Source\CMSIS_RTOS\cmsis_os.o
LOAD Middlewares\Third_Party\FreeRTOS\Source\croutine.o
LOAD Middlewares\Third_Party\FreeRTOS\Source\event_groups.o
LOAD Middlewares\Third_Party\FreeRTOS\Source\list.o
LOAD Middlewares\Third_Party\FreeRTOS\Source\portable\GCC\ARM_CM4F\port.o
LOAD Middlewares\Third_Party\FreeRTOS\Source\portable\MemMang\heap_4.o
LOAD Middlewares\Third_Party\FreeRTOS\Source\queue.o
LOAD Middlewares\Third_Party\FreeRTOS\Source\tasks.o
LOAD Middlewares\Third_Party\FreeRTOS\Source\timers.o
LOAD Src\freertos.o
LOAD Src\main.o
LOAD Src\stm32f4xx_hal_msp.o
LOAD Src\stm32f4xx_it.o
LOAD Src\system_stm32f4xx.o
LOAD Src\usb_device.o
LOAD Src\usbd_cdc_if.o
LOAD Src\usbd_conf.o
LOAD Src\usbd_desc.o
LOAD startup\startup_stm32f411xe.o
                0x00000080                malloc_getpagesize_P = 0x80
START GROUP
LOAD c:/program files (x86)/atollic/truestudio for stm32 9.0.0/armtools/bin/../lib/gcc/arm-atollic-eabi/6.3.1/../../../../arm-atollic-eabi/lib/armv7e-m/fpu\libc_nano.a
LOAD c:/program files (x86)/atollic/truestudio for stm32 9.0.0/armtools/bin/../lib/gcc/arm-atollic-eabi/6.3.1/../../../../arm-atollic-eabi/lib/armv7e-m/fpu\libm.a
END GROUP
START GROUP
LOAD c:/program files (x86)/atollic/truestudio for stm32 9.0.0/armtools/bin/../lib/gcc/arm-atollic-eabi/6.3.1/armv7e-m/fpu\libgcc.a
LOAD c:/program files (x86)/atollic/truestudio for stm32 9.0.0/armtools/bin/../lib/gcc/arm-atollic-eabi/6.3.1/../../../../arm-atollic-eabi/lib/armv7e-m/fpu\libc_nano.a
END GROUP
START GROUP
LOAD c:/program files (x86)/atollic/truestudio for stm32 9.0.0/armtools/bin/../lib/gcc/arm-atollic-eabi/6.3.1/armv7e-m/fpu\libgcc.a
LOAD c:/program files (x86)/atollic/truestudio for stm32 9.0.0/armtools/bin/../lib/gcc/arm-atollic-eabi/6.3.1/../../../../arm-atollic-eabi/lib/armv7e-m/fpu\libc_nano.a
LOAD c:/program files (x86)/atollic/truestudio for stm32 9.0.0/armtools/bin/../lib/gcc/arm-atollic-eabi/6.3.1/../../../../arm-atollic-eabi/lib/armv7e-m/fpu\libnosys.a
END GROUP
START GROUP
LOAD c:/program files (x86)/atollic/truestudio for stm32 9.0.0/armtools/bin/../lib/gcc/arm-atollic-eabi/6.3.1/armv7e-m/fpu\libgcc.a
LOAD c:/program files (x86)/atollic/truestudio for stm32 9.0.0/armtools/bin/../lib/gcc/arm-atollic-eabi/6.3.1/../../../../arm-atollic-eabi/lib/armv7e-m/fpu\libc_nano.a
LOAD c:/program files (x86)/atollic/truestudio for stm32 9.0.0/armtools/bin/../lib/gcc/arm-atollic-eabi/6.3.1/../../../../arm-atollic-eabi/lib/armv7e-m/fpu\libnosys.a
END GROUP
LOAD c:/program files (x86)/atollic/truestudio for stm32 9.0.0/armtools/bin/../lib/gcc/arm-atollic-eabi/6.3.1/armv7e-m/fpu/crtend.o
LOAD c:/program files (x86)/atollic/truestudio for stm32 9.0.0/armtools/bin/../lib/gcc/arm-atollic-eabi/6.3.1/armv7e-m/fpu/crtn.o
                0x20020000                _estack = 0x20020000
                0x00000200                _Min_Heap_Size = 0x200
                0x00000400                _Min_Stack_Size = 0x400

.isr_vector     0x08000000      0x198
                0x08000000                . = ALIGN (0x4)
 *(.isr_vector)
 .isr_vector    0x08000000      0x198 startup\startup_stm32f411xe.o
                0x08000000                g_pfnVectors
                0x08000198                . = ALIGN (0x4)

.text           0x080001a0     0x4314
                0x080001a0                . = ALIGN (0x4)
 *(.text)
 .text          0x080001a0       0x40 c:/program files (x86)/atollic/truestudio for stm32 9.0.0/armtools/bin/../lib/gcc/arm-atollic-eabi/6.3.1/armv7e-m/fpu/crtbegin.o
 .text          0x080001e0       0xa0 c:/program files (x86)/atollic/truestudio for stm32 9.0.0/armtools/bin/../lib/gcc/arm-atollic-eabi/6.3.1/../../../../arm-atollic-eabi/lib/armv7e-m/fpu\libc_nano.a(lib_a-memchr.o)
                0x080001e0                memchr
 .text          0x08000280       0x30 c:/program files (x86)/atollic/truestudio for stm32 9.0.0/armtools/bin/../lib/gcc/arm-atollic-eabi/6.3.1/armv7e-m/fpu\libgcc.a(_aeabi_uldivmod.o)
                0x08000280                __aeabi_uldivmod
 .text          0x080002b0      0x2dc c:/program files (x86)/atollic/truestudio for stm32 9.0.0/armtools/bin/../lib/gcc/arm-atollic-eabi/6.3.1/armv7e-m/fpu\libgcc.a(_udivmoddi4.o)
                0x080002b0                __udivmoddi4
 .text          0x0800058c        0x4 c:/program files (x86)/atollic/truestudio for stm32 9.0.0/armtools/bin/../lib/gcc/arm-atollic-eabi/6.3.1/armv7e-m/fpu\libgcc.a(_dvmd_tls.o)
                0x0800058c                __aeabi_idiv0
                0x0800058c                __aeabi_ldiv0
 *(.text*)
 .text.HAL_InitTick
                0x08000590       0x48 Drivers\STM32F4xx_HAL_Driver\Src\stm32f4xx_hal.o
                0x08000590                HAL_InitTick
 .text.HAL_Init
                0x080005d8       0x34 Drivers\STM32F4xx_HAL_Driver\Src\stm32f4xx_hal.o
                0x080005d8                HAL_Init
 .text.HAL_IncTick
                0x0800060c       0x18 Drivers\STM32F4xx_HAL_Driver\Src\stm32f4xx_hal.o
                0x0800060c                HAL_IncTick
 .text.HAL_GetTick
                0x08000624        0xc Drivers\STM32F4xx_HAL_Driver\Src\stm32f4xx_hal.o
                0x08000624                HAL_GetTick
 .text.HAL_Delay
                0x08000630       0x28 Drivers\STM32F4xx_HAL_Driver\Src\stm32f4xx_hal.o
                0x08000630                HAL_Delay
 .text.HAL_NVIC_SetPriorityGrouping
                0x08000658       0x24 Drivers\STM32F4xx_HAL_Driver\Src\stm32f4xx_hal_cortex.o
                0x08000658                HAL_NVIC_SetPriorityGrouping
 .text.HAL_NVIC_SetPriority
                0x0800067c       0x68 Drivers\STM32F4xx_HAL_Driver\Src\stm32f4xx_hal_cortex.o
                0x0800067c                HAL_NVIC_SetPriority
 .text.HAL_NVIC_EnableIRQ
                0x080006e4       0x18 Drivers\STM32F4xx_HAL_Driver\Src\stm32f4xx_hal_cortex.o
                0x080006e4                HAL_NVIC_EnableIRQ
 .text.HAL_SYSTICK_Config
                0x080006fc       0x2c Drivers\STM32F4xx_HAL_Driver\Src\stm32f4xx_hal_cortex.o
                0x080006fc                HAL_SYSTICK_Config
 .text.HAL_SYSTICK_CLKSourceConfig
                0x08000728       0x18 Drivers\STM32F4xx_HAL_Driver\Src\stm32f4xx_hal_cortex.o
                0x08000728                HAL_SYSTICK_CLKSourceConfig
 .text.HAL_GPIO_Init
                0x08000740      0x1ac Drivers\STM32F4xx_HAL_Driver\Src\stm32f4xx_hal_gpio.o
                0x08000740                HAL_GPIO_Init
 .text.HAL_GPIO_WritePin
                0x080008ec        0xa Drivers\STM32F4xx_HAL_Driver\Src\stm32f4xx_hal_gpio.o
                0x080008ec                HAL_GPIO_WritePin
 .text.HAL_PCD_Init
                0x080008f6       0xd8 Drivers\STM32F4xx_HAL_Driver\Src\stm32f4xx_hal_pcd.o
                0x080008f6                HAL_PCD_Init
 .text.HAL_PCD_Start
                0x080009ce       0x2a Drivers\STM32F4xx_HAL_Driver\Src\stm32f4xx_hal_pcd.o
                0x080009ce                HAL_PCD_Start
 .text.HAL_PCD_IRQHandler
                0x080009f8      0x558 Drivers\STM32F4xx_HAL_Driver\Src\stm32f4xx_hal_pcd.o
                0x080009f8                HAL_PCD_IRQHandler
 .text.HAL_PCD_SetAddress
                0x08000f50       0x24 Drivers\STM32F4xx_HAL_Driver\Src\stm32f4xx_hal_pcd.o
                0x08000f50                HAL_PCD_SetAddress
 .text.HAL_PCD_EP_Open
                0x08000f74       0x5c Drivers\STM32F4xx_HAL_Driver\Src\stm32f4xx_hal_pcd.o
                0x08000f74                HAL_PCD_EP_Open
 .text.HAL_PCD_EP_Close
                0x08000fd0       0x46 Drivers\STM32F4xx_HAL_Driver\Src\stm32f4xx_hal_pcd.o
                0x08000fd0                HAL_PCD_EP_Close
 .text.HAL_PCD_EP_Receive
                0x08001016       0x48 Drivers\STM32F4xx_HAL_Driver\Src\stm32f4xx_hal_pcd.o
                0x08001016                HAL_PCD_EP_Receive
 .text.HAL_PCD_EP_GetRxCount
                0x0800105e       0x10 Drivers\STM32F4xx_HAL_Driver\Src\stm32f4xx_hal_pcd.o
                0x0800105e                HAL_PCD_EP_GetRxCount
 .text.HAL_PCD_EP_Transmit
                0x0800106e       0x40 Drivers\STM32F4xx_HAL_Driver\Src\stm32f4xx_hal_pcd.o
                0x0800106e                HAL_PCD_EP_Transmit
 .text.HAL_PCD_EP_SetStall
                0x080010ae       0x58 Drivers\STM32F4xx_HAL_Driver\Src\stm32f4xx_hal_pcd.o
                0x080010ae                HAL_PCD_EP_SetStall
 .text.HAL_PCD_EP_ClrStall
                0x08001106       0x4a Drivers\STM32F4xx_HAL_Driver\Src\stm32f4xx_hal_pcd.o
                0x08001106                HAL_PCD_EP_ClrStall
 .text.HAL_PCDEx_SetTxFiFo
                0x08001150       0x42 Drivers\STM32F4xx_HAL_Driver\Src\stm32f4xx_hal_pcd_ex.o
                0x08001150                HAL_PCDEx_SetTxFiFo
 .text.HAL_PCDEx_SetRxFiFo
                0x08001192        0x8 Drivers\STM32F4xx_HAL_Driver\Src\stm32f4xx_hal_pcd_ex.o
                0x08001192                HAL_PCDEx_SetRxFiFo
 *fill*         0x0800119a        0x2 
 .text.HAL_RCC_OscConfig
                0x0800119c      0x304 Drivers\STM32F4xx_HAL_Driver\Src\stm32f4xx_hal_rcc.o
                0x0800119c                HAL_RCC_OscConfig
 .text.HAL_RCC_GetSysClockFreq
                0x080014a0       0x5c Drivers\STM32F4xx_HAL_Driver\Src\stm32f4xx_hal_rcc.o
                0x080014a0                HAL_RCC_GetSysClockFreq
 .text.HAL_RCC_ClockConfig
                0x080014fc      0x134 Drivers\STM32F4xx_HAL_Driver\Src\stm32f4xx_hal_rcc.o
                0x080014fc                HAL_RCC_ClockConfig
 .text.HAL_RCC_GetHCLKFreq
                0x08001630        0xc Drivers\STM32F4xx_HAL_Driver\Src\stm32f4xx_hal_rcc.o
                0x08001630                HAL_RCC_GetHCLKFreq
 .text.HAL_TIM_Encoder_Start
                0x0800163c       0x44 Drivers\STM32F4xx_HAL_Driver\Src\stm32f4xx_hal_tim.o
                0x0800163c                HAL_TIM_Encoder_Start
 .text.TIM_Base_SetConfig
                0x08001680       0x98 Drivers\STM32F4xx_HAL_Driver\Src\stm32f4xx_hal_tim.o
                0x08001680                TIM_Base_SetConfig
 .text.HAL_TIM_Encoder_Init
                0x08001718       0x92 Drivers\STM32F4xx_HAL_Driver\Src\stm32f4xx_hal_tim.o
                0x08001718                HAL_TIM_Encoder_Init
 .text.HAL_TIMEx_MasterConfigSynchronization
                0x080017aa       0x44 Drivers\STM32F4xx_HAL_Driver\Src\stm32f4xx_hal_tim_ex.o
                0x080017aa                HAL_TIMEx_MasterConfigSynchronization
 .text.USB_CoreInit
                0x080017ee       0x74 Drivers\STM32F4xx_HAL_Driver\Src\stm32f4xx_ll_usb.o
                0x080017ee                USB_CoreInit
 .text.USB_EnableGlobalInt
                0x08001862        0xc Drivers\STM32F4xx_HAL_Driver\Src\stm32f4xx_ll_usb.o
                0x08001862                USB_EnableGlobalInt
 .text.USB_DisableGlobalInt
                0x0800186e        0xc Drivers\STM32F4xx_HAL_Driver\Src\stm32f4xx_ll_usb.o
                0x0800186e                USB_DisableGlobalInt
 .text.USB_SetCurrentMode
                0x0800187a       0x2e Drivers\STM32F4xx_HAL_Driver\Src\stm32f4xx_ll_usb.o
                0x0800187a                USB_SetCurrentMode
 .text.USB_DevInit
                0x080018a8      0x138 Drivers\STM32F4xx_HAL_Driver\Src\stm32f4xx_ll_usb.o
                0x080018a8                USB_DevInit
 .text.USB_FlushTxFifo
                0x080019e0       0x24 Drivers\STM32F4xx_HAL_Driver\Src\stm32f4xx_ll_usb.o
                0x080019e0                USB_FlushTxFifo
 .text.USB_FlushRxFifo
                0x08001a04       0x20 Drivers\STM32F4xx_HAL_Driver\Src\stm32f4xx_ll_usb.o
                0x08001a04                USB_FlushRxFifo
 .text.USB_SetDevSpeed
                0x08001a24        0xe Drivers\STM32F4xx_HAL_Driver\Src\stm32f4xx_ll_usb.o
                0x08001a24                USB_SetDevSpeed
 .text.USB_GetDevSpeed
                0x08001a32       0x36 Drivers\STM32F4xx_HAL_Driver\Src\stm32f4xx_ll_usb.o
                0x08001a32                USB_GetDevSpeed
 .text.USB_ActivateEndpoint
                0x08001a68       0x7e Drivers\STM32F4xx_HAL_Driver\Src\stm32f4xx_ll_usb.o
                0x08001a68                USB_ActivateEndpoint
 .text.USB_DeactivateEndpoint
                0x08001ae6        0x4 Drivers\STM32F4xx_HAL_Driver\Src\stm32f4xx_ll_usb.o
                0x08001ae6                USB_DeactivateEndpoint
 *fill*         0x08001aea        0x2 
 .text.USB_DeactivateDedicatedEndpoint
                0x08001aec       0xb0 Drivers\STM32F4xx_HAL_Driver\Src\stm32f4xx_ll_usb.o
                0x08001aec                USB_DeactivateDedicatedEndpoint
 .text.USB_EPStartXfer
                0x08001b9c      0x18c Drivers\STM32F4xx_HAL_Driver\Src\stm32f4xx_ll_usb.o
                0x08001b9c                USB_EPStartXfer
 .text.USB_EP0StartXfer
                0x08001d28       0xda Drivers\STM32F4xx_HAL_Driver\Src\stm32f4xx_ll_usb.o
                0x08001d28                USB_EP0StartXfer
 .text.USB_WritePacket
                0x08001e02       0x28 Drivers\STM32F4xx_HAL_Driver\Src\stm32f4xx_ll_usb.o
                0x08001e02                USB_WritePacket
 .text.USB_ReadPacket
                0x08001e2a       0x1c Drivers\STM32F4xx_HAL_Driver\Src\stm32f4xx_ll_usb.o
                0x08001e2a                USB_ReadPacket
 .text.USB_EPSetStall
                0x08001e46       0x3e Drivers\STM32F4xx_HAL_Driver\Src\stm32f4xx_ll_usb.o
                0x08001e46                USB_EPSetStall
 .text.USB_EPClearStall
                0x08001e84       0x32 Drivers\STM32F4xx_HAL_Driver\Src\stm32f4xx_ll_usb.o
                0x08001e84                USB_EPClearStall
 .text.USB_SetDevAddress
                0x08001eb6       0x20 Drivers\STM32F4xx_HAL_Driver\Src\stm32f4xx_ll_usb.o
                0x08001eb6                USB_SetDevAddress
 .text.USB_DevConnect
                0x08001ed6       0x18 Drivers\STM32F4xx_HAL_Driver\Src\stm32f4xx_ll_usb.o
                0x08001ed6                USB_DevConnect
 .text.USB_DevDisconnect
                0x08001eee       0x18 Drivers\STM32F4xx_HAL_Driver\Src\stm32f4xx_ll_usb.o
                0x08001eee                USB_DevDisconnect
 .text.USB_ReadInterrupts
                0x08001f06        0x8 Drivers\STM32F4xx_HAL_Driver\Src\stm32f4xx_ll_usb.o
                0x08001f06                USB_ReadInterrupts
 .text.USB_ReadDevAllOutEpInterrupt
                0x08001f0e       0x10 Drivers\STM32F4xx_HAL_Driver\Src\stm32f4xx_ll_usb.o
                0x08001f0e                USB_ReadDevAllOutEpInterrupt
 .text.USB_ReadDevAllInEpInterrupt
                0x08001f1e       0x10 Drivers\STM32F4xx_HAL_Driver\Src\stm32f4xx_ll_usb.o
                0x08001f1e                USB_ReadDevAllInEpInterrupt
 .text.USB_ReadDevOutEPInterrupt
                0x08001f2e       0x14 Drivers\STM32F4xx_HAL_Driver\Src\stm32f4xx_ll_usb.o
                0x08001f2e                USB_ReadDevOutEPInterrupt
 .text.USB_ReadDevInEPInterrupt
                0x08001f42       0x20 Drivers\STM32F4xx_HAL_Driver\Src\stm32f4xx_ll_usb.o
                0x08001f42                USB_ReadDevInEPInterrupt
 .text.USB_GetMode
                0x08001f62        0x8 Drivers\STM32F4xx_HAL_Driver\Src\stm32f4xx_ll_usb.o
                0x08001f62                USB_GetMode
 .text.USB_ActivateSetup
                0x08001f6a       0x36 Drivers\STM32F4xx_HAL_Driver\Src\stm32f4xx_ll_usb.o
                0x08001f6a                USB_ActivateSetup
 .text.USB_EP0_OutStart
                0x08001fa0       0x46 Drivers\STM32F4xx_HAL_Driver\Src\stm32f4xx_ll_usb.o
                0x08001fa0                USB_EP0_OutStart
 *fill*         0x08001fe6        0x2 
 .text.USB_CoreReset
                0x08001fe8       0x30 Drivers\STM32F4xx_HAL_Driver\Src\stm32f4xx_ll_usb.o
 .text.USBD_CDC_DataIn
                0x08002018       0x12 Middlewares\ST\STM32_USB_Device_Library\Class\CDC\Src\usbd_cdc.o
 .text.USBD_CDC_EP0_RxReady
                0x0800202a       0x28 Middlewares\ST\STM32_USB_Device_Library\Class\CDC\Src\usbd_cdc.o
 *fill*         0x08002052        0x2 
 .text.USBD_CDC_GetFSCfgDesc
                0x08002054        0xc Middlewares\ST\STM32_USB_Device_Library\Class\CDC\Src\usbd_cdc.o
 .text.USBD_CDC_GetHSCfgDesc
                0x08002060        0xc Middlewares\ST\STM32_USB_Device_Library\Class\CDC\Src\usbd_cdc.o
 .text.USBD_CDC_GetOtherSpeedCfgDesc
                0x0800206c        0xc Middlewares\ST\STM32_USB_Device_Library\Class\CDC\Src\usbd_cdc.o
 .text.USBD_CDC_GetDeviceQualifierDescriptor
                0x08002078        0xc Middlewares\ST\STM32_USB_Device_Library\Class\CDC\Src\usbd_cdc.o
                0x08002078                USBD_CDC_GetDeviceQualifierDescriptor
 .text.USBD_CDC_DataOut
                0x08002084       0x2e Middlewares\ST\STM32_USB_Device_Library\Class\CDC\Src\usbd_cdc.o
 *fill*         0x080020b2        0x2 
 .text.USBD_CDC_Setup
                0x080020b4       0x68 Middlewares\ST\STM32_USB_Device_Library\Class\CDC\Src\usbd_cdc.o
 .text.USBD_CDC_DeInit
                0x0800211c       0x3a Middlewares\ST\STM32_USB_Device_Library\Class\CDC\Src\usbd_cdc.o
 .text.USBD_CDC_Init
                0x08002156       0x8c Middlewares\ST\STM32_USB_Device_Library\Class\CDC\Src\usbd_cdc.o
 .text.USBD_CDC_RegisterInterface
                0x080021e2        0xe Middlewares\ST\STM32_USB_Device_Library\Class\CDC\Src\usbd_cdc.o
                0x080021e2                USBD_CDC_RegisterInterface
 .text.USBD_CDC_SetTxBuffer
                0x080021f0       0x10 Middlewares\ST\STM32_USB_Device_Library\Class\CDC\Src\usbd_cdc.o
                0x080021f0                USBD_CDC_SetTxBuffer
 .text.USBD_CDC_SetRxBuffer
                0x08002200        0xc Middlewares\ST\STM32_USB_Device_Library\Class\CDC\Src\usbd_cdc.o
                0x08002200                USBD_CDC_SetRxBuffer
 .text.USBD_CDC_TransmitPacket
                0x0800220c       0x2e Middlewares\ST\STM32_USB_Device_Library\Class\CDC\Src\usbd_cdc.o
                0x0800220c                USBD_CDC_TransmitPacket
 .text.USBD_CDC_ReceivePacket
                0x0800223a       0x26 Middlewares\ST\STM32_USB_Device_Library\Class\CDC\Src\usbd_cdc.o
                0x0800223a                USBD_CDC_ReceivePacket
 .text.USBD_Init
                0x08002260       0x2a Middlewares\ST\STM32_USB_Device_Library\Core\Src\usbd_core.o
                0x08002260                USBD_Init
 .text.USBD_RegisterClass
                0x0800228a        0xe Middlewares\ST\STM32_USB_Device_Library\Core\Src\usbd_core.o
                0x0800228a                USBD_RegisterClass
 .text.USBD_Start
                0x08002298        0xa Middlewares\ST\STM32_USB_Device_Library\Core\Src\usbd_core.o
                0x08002298                USBD_Start
 .text.USBD_SetClassConfig
                0x080022a2       0x16 Middlewares\ST\STM32_USB_Device_Library\Core\Src\usbd_core.o
                0x080022a2                USBD_SetClassConfig
 .text.USBD_ClrClassConfig
                0x080022b8        0xe Middlewares\ST\STM32_USB_Device_Library\Core\Src\usbd_core.o
                0x080022b8                USBD_ClrClassConfig
 .text.USBD_LL_SetupStage
                0x080022c6       0x5a Middlewares\ST\STM32_USB_Device_Library\Core\Src\usbd_core.o
                0x080022c6                USBD_LL_SetupStage
 .text.USBD_LL_DataOutStage
                0x08002320       0x64 Middlewares\ST\STM32_USB_Device_Library\Core\Src\usbd_core.o
                0x08002320                USBD_LL_DataOutStage
 .text.USBD_LL_DataInStage
                0x08002384       0x9e Middlewares\ST\STM32_USB_Device_Library\Core\Src\usbd_core.o
                0x08002384                USBD_LL_DataInStage
 .text.USBD_LL_Reset
                0x08002422       0x3e Middlewares\ST\STM32_USB_Device_Library\Core\Src\usbd_core.o
                0x08002422                USBD_LL_Reset
 .text.USBD_LL_SetSpeed
                0x08002460        0x6 Middlewares\ST\STM32_USB_Device_Library\Core\Src\usbd_core.o
                0x08002460                USBD_LL_SetSpeed
 .text.USBD_LL_Suspend
                0x08002466       0x12 Middlewares\ST\STM32_USB_Device_Library\Core\Src\usbd_core.o
                0x08002466                USBD_LL_Suspend
 .text.USBD_LL_Resume
                0x08002478        0xc Middlewares\ST\STM32_USB_Device_Library\Core\Src\usbd_core.o
                0x08002478                USBD_LL_Resume
 .text.USBD_LL_SOF
                0x08002484       0x18 Middlewares\ST\STM32_USB_Device_Library\Core\Src\usbd_core.o
                0x08002484                USBD_LL_SOF
 .text.USBD_LL_IsoINIncomplete
                0x0800249c        0x4 Middlewares\ST\STM32_USB_Device_Library\Core\Src\usbd_core.o
                0x0800249c                USBD_LL_IsoINIncomplete
 .text.USBD_LL_IsoOUTIncomplete
                0x080024a0        0x4 Middlewares\ST\STM32_USB_Device_Library\Core\Src\usbd_core.o
                0x080024a0                USBD_LL_IsoOUTIncomplete
 .text.USBD_LL_DevConnected
                0x080024a4        0x4 Middlewares\ST\STM32_USB_Device_Library\Core\Src\usbd_core.o
                0x080024a4                USBD_LL_DevConnected
 .text.USBD_LL_DevDisconnected
                0x080024a8       0x16 Middlewares\ST\STM32_USB_Device_Library\Core\Src\usbd_core.o
                0x080024a8                USBD_LL_DevDisconnected
 .text.USBD_CtlError.constprop.0
                0x080024be       0x16 Middlewares\ST\STM32_USB_Device_Library\Core\Src\usbd_ctlreq.o
 .text.USBD_StdDevReq
                0x080024d4      0x1f4 Middlewares\ST\STM32_USB_Device_Library\Core\Src\usbd_ctlreq.o
                0x080024d4                USBD_StdDevReq
 .text.USBD_StdItfReq
                0x080026c8       0x30 Middlewares\ST\STM32_USB_Device_Library\Core\Src\usbd_ctlreq.o
                0x080026c8                USBD_StdItfReq
 .text.USBD_StdEPReq
                0x080026f8       0xc6 Middlewares\ST\STM32_USB_Device_Library\Core\Src\usbd_ctlreq.o
                0x080026f8                USBD_StdEPReq
 .text.USBD_ParseSetupRequest
                0x080027be       0x28 Middlewares\ST\STM32_USB_Device_Library\Core\Src\usbd_ctlreq.o
                0x080027be                USBD_ParseSetupRequest
 .text.USBD_GetString
                0x080027e6       0x38 Middlewares\ST\STM32_USB_Device_Library\Core\Src\usbd_ctlreq.o
                0x080027e6                USBD_GetString
 .text.USBD_CtlSendData
                0x0800281e       0x1a Middlewares\ST\STM32_USB_Device_Library\Core\Src\usbd_ioreq.o
                0x0800281e                USBD_CtlSendData
 .text.USBD_CtlContinueSendData
                0x08002838       0x10 Middlewares\ST\STM32_USB_Device_Library\Core\Src\usbd_ioreq.o
                0x08002838                USBD_CtlContinueSendData
 .text.USBD_CtlPrepareRx
                0x08002848       0x1e Middlewares\ST\STM32_USB_Device_Library\Core\Src\usbd_ioreq.o
                0x08002848                USBD_CtlPrepareRx
 .text.USBD_CtlContinueRx
                0x08002866       0x10 Middlewares\ST\STM32_USB_Device_Library\Core\Src\usbd_ioreq.o
                0x08002866                USBD_CtlContinueRx
 .text.USBD_CtlSendStatus
                0x08002876       0x16 Middlewares\ST\STM32_USB_Device_Library\Core\Src\usbd_ioreq.o
                0x08002876                USBD_CtlSendStatus
 .text.USBD_CtlReceiveStatus
                0x0800288c       0x16 Middlewares\ST\STM32_USB_Device_Library\Core\Src\usbd_ioreq.o
                0x0800288c                USBD_CtlReceiveStatus
 .text.osKernelStart
                0x080028a2        0xa Middlewares\Third_Party\FreeRTOS\Source\CMSIS_RTOS\cmsis_os.o
                0x080028a2                osKernelStart
 .text.osThreadCreate
                0x080028ac       0x30 Middlewares\Third_Party\FreeRTOS\Source\CMSIS_RTOS\cmsis_os.o
                0x080028ac                osThreadCreate
 .text.osDelay  0x080028dc       0x10 Middlewares\Third_Party\FreeRTOS\Source\CMSIS_RTOS\cmsis_os.o
                0x080028dc                osDelay
 .text.osSystickHandler
                0x080028ec       0x14 Middlewares\Third_Party\FreeRTOS\Source\CMSIS_RTOS\cmsis_os.o
                0x080028ec                osSystickHandler
 .text.vListInitialise
                0x08002900       0x16 Middlewares\Third_Party\FreeRTOS\Source\list.o
                0x08002900                vListInitialise
 .text.vListInitialiseItem
                0x08002916        0x6 Middlewares\Third_Party\FreeRTOS\Source\list.o
                0x08002916                vListInitialiseItem
 .text.vListInsertEnd
                0x0800291c       0x18 Middlewares\Third_Party\FreeRTOS\Source\list.o
                0x0800291c                vListInsertEnd
 .text.vListInsert
                0x08002934       0x2e Middlewares\Third_Party\FreeRTOS\Source\list.o
                0x08002934                vListInsert
 .text.uxListRemove
                0x08002962       0x20 Middlewares\Third_Party\FreeRTOS\Source\list.o
                0x08002962                uxListRemove
 *fill*         0x08002982        0x2 
 .text.prvTaskExitError
                0x08002984       0x30 Middlewares\Third_Party\FreeRTOS\Source\portable\GCC\ARM_CM4F\port.o
 .text.prvPortStartFirstTask
                0x080029b4       0x20 Middlewares\Third_Party\FreeRTOS\Source\portable\GCC\ARM_CM4F\port.o
 .text.vPortEnableVFP
                0x080029d4       0x14 Middlewares\Third_Party\FreeRTOS\Source\portable\GCC\ARM_CM4F\port.o
 .text.pxPortInitialiseStack
                0x080029e8       0x2c Middlewares\Third_Party\FreeRTOS\Source\portable\GCC\ARM_CM4F\port.o
                0x080029e8                pxPortInitialiseStack
 *fill*         0x08002a14        0xc 
 .text.SVC_Handler
                0x08002a20       0x24 Middlewares\Third_Party\FreeRTOS\Source\portable\GCC\ARM_CM4F\port.o
                0x08002a20                SVC_Handler
 .text.vPortEnterCritical
                0x08002a44       0x44 Middlewares\Third_Party\FreeRTOS\Source\portable\GCC\ARM_CM4F\port.o
                0x08002a44                vPortEnterCritical
 .text.vPortExitCritical
                0x08002a88       0x28 Middlewares\Third_Party\FreeRTOS\Source\portable\GCC\ARM_CM4F\port.o
                0x08002a88                vPortExitCritical
 .text.PendSV_Handler
                0x08002ab0       0x64 Middlewares\Third_Party\FreeRTOS\Source\portable\GCC\ARM_CM4F\port.o
                0x08002ab0                PendSV_Handler
 .text.xPortSysTickHandler
                0x08002b14       0x2c Middlewares\Third_Party\FreeRTOS\Source\portable\GCC\ARM_CM4F\port.o
                0x08002b14                xPortSysTickHandler
 .text.vPortSetupTimerInterrupt
                0x08002b40       0x28 Middlewares\Third_Party\FreeRTOS\Source\portable\GCC\ARM_CM4F\port.o
                0x08002b40                vPortSetupTimerInterrupt
 .text.xPortStartScheduler
                0x08002b68       0xec Middlewares\Third_Party\FreeRTOS\Source\portable\GCC\ARM_CM4F\port.o
                0x08002b68                xPortStartScheduler
 .text.unlikely.prvInsertBlockIntoFreeList
                0x08002c54       0x48 Middlewares\Third_Party\FreeRTOS\Source\portable\MemMang\heap_4.o
 .text.pvPortMalloc
                0x08002c9c      0x11c Middlewares\Third_Party\FreeRTOS\Source\portable\MemMang\heap_4.o
                0x08002c9c                pvPortMalloc
 .text.vPortFree
                0x08002db8       0x70 Middlewares\Third_Party\FreeRTOS\Source\portable\MemMang\heap_4.o
                0x08002db8                vPortFree
 .text.prvResetNextTaskUnblockTime
                0x08002e28       0x24 Middlewares\Third_Party\FreeRTOS\Source\tasks.o
 .text.prvAddCurrentTaskToDelayedList
                0x08002e4c       0x8c Middlewares\Third_Party\FreeRTOS\Source\tasks.o
 .text.xTaskCreate
                0x08002ed8      0x1a0 Middlewares\Third_Party\FreeRTOS\Source\tasks.o
                0x08002ed8                xTaskCreate
 .text.vTaskStartScheduler
                0x08003078       0x78 Middlewares\Third_Party\FreeRTOS\Source\tasks.o
                0x08003078                vTaskStartScheduler
 .text.vTaskSuspendAll
                0x080030f0       0x10 Middlewares\Third_Party\FreeRTOS\Source\tasks.o
                0x080030f0                vTaskSuspendAll
 .text.xTaskIncrementTick
                0x08003100      0x124 Middlewares\Third_Party\FreeRTOS\Source\tasks.o
                0x08003100                xTaskIncrementTick
 .text.xTaskResumeAll
                0x08003224       0xf0 Middlewares\Third_Party\FreeRTOS\Source\tasks.o
                0x08003224                xTaskResumeAll
 .text.vTaskDelay
                0x08003314       0x48 Middlewares\Third_Party\FreeRTOS\Source\tasks.o
                0x08003314                vTaskDelay
 .text.prvIdleTask
                0x0800335c       0x74 Middlewares\Third_Party\FreeRTOS\Source\tasks.o
 .text.vTaskSwitchContext
                0x080033d0       0x74 Middlewares\Third_Party\FreeRTOS\Source\tasks.o
                0x080033d0                vTaskSwitchContext
 .text.xTaskGetSchedulerState
                0x08003444       0x20 Middlewares\Third_Party\FreeRTOS\Source\tasks.o
                0x08003444                xTaskGetSchedulerState
 .text.StartDefaultTask
                0x08003464       0x54 Src\main.o
                0x08003464                StartDefaultTask
 .text.SystemClock_Config
                0x080034b8       0xac Src\main.o
                0x080034b8                SystemClock_Config
 .text.startup.main
                0x08003564       0xe8 Src\main.o
                0x08003564                main
 .text._Error_Handler
                0x0800364c        0x2 Src\main.o
                0x0800364c                _Error_Handler
 *fill*         0x0800364e        0x2 
 .text.HAL_MspInit
                0x08003650       0x90 Src\stm32f4xx_hal_msp.o
                0x08003650                HAL_MspInit
 .text.HAL_TIM_Encoder_MspInit
                0x080036e0       0x4c Src\stm32f4xx_hal_msp.o
                0x080036e0                HAL_TIM_Encoder_MspInit
 .text.NMI_Handler
                0x0800372c        0x2 Src\stm32f4xx_it.o
                0x0800372c                NMI_Handler
 .text.HardFault_Handler
                0x0800372e        0x2 Src\stm32f4xx_it.o
                0x0800372e                HardFault_Handler
 .text.MemManage_Handler
                0x08003730        0x2 Src\stm32f4xx_it.o
                0x08003730                MemManage_Handler
 .text.BusFault_Handler
                0x08003732        0x2 Src\stm32f4xx_it.o
                0x08003732                BusFault_Handler
 .text.UsageFault_Handler
                0x08003734        0x2 Src\stm32f4xx_it.o
                0x08003734                UsageFault_Handler
 .text.DebugMon_Handler
                0x08003736        0x2 Src\stm32f4xx_it.o
                0x08003736                DebugMon_Handler
 .text.SysTick_Handler
                0x08003738        0xe Src\stm32f4xx_it.o
                0x08003738                SysTick_Handler
 *fill*         0x08003746        0x2 
 .text.OTG_FS_IRQHandler
                0x08003748        0xc Src\stm32f4xx_it.o
                0x08003748                OTG_FS_IRQHandler
 .text.SystemInit
                0x08003754       0x4c Src\system_stm32f4xx.o
                0x08003754                SystemInit
 .text.MX_USB_DEVICE_Init
                0x080037a0       0x38 Src\usb_device.o
                0x080037a0                MX_USB_DEVICE_Init
 .text.CDC_DeInit_FS
                0x080037d8        0x4 Src\usbd_cdc_if.o
 .text.CDC_Control_FS
                0x080037dc        0x4 Src\usbd_cdc_if.o
 .text.CDC_Receive_FS
                0x080037e0       0x1c Src\usbd_cdc_if.o
 .text.CDC_Init_FS
                0x080037fc       0x28 Src\usbd_cdc_if.o
 .text.CDC_Transmit_FS
                0x08003824       0x2c Src\usbd_cdc_if.o
                0x08003824                CDC_Transmit_FS
 .text.HAL_PCD_MspInit
                0x08003850       0x64 Src\usbd_conf.o
                0x08003850                HAL_PCD_MspInit
 .text.HAL_PCD_SetupStageCallback
                0x080038b4        0xc Src\usbd_conf.o
                0x080038b4                HAL_PCD_SetupStageCallback
 .text.HAL_PCD_DataOutStageCallback
                0x080038c0       0x12 Src\usbd_conf.o
                0x080038c0                HAL_PCD_DataOutStageCallback
 .text.HAL_PCD_DataInStageCallback
                0x080038d2       0x10 Src\usbd_conf.o
                0x080038d2                HAL_PCD_DataInStageCallback
 .text.HAL_PCD_SOFCallback
                0x080038e2        0x8 Src\usbd_conf.o
                0x080038e2                HAL_PCD_SOFCallback
 .text.HAL_PCD_ResetCallback
                0x080038ea       0x20 Src\usbd_conf.o
                0x080038ea                HAL_PCD_ResetCallback
 *fill*         0x0800390a        0x2 
 .text.HAL_PCD_SuspendCallback
                0x0800390c       0x30 Src\usbd_conf.o
                0x0800390c                HAL_PCD_SuspendCallback
 .text.HAL_PCD_ResumeCallback
                0x0800393c        0x8 Src\usbd_conf.o
                0x0800393c                HAL_PCD_ResumeCallback
 .text.HAL_PCD_ISOOUTIncompleteCallback
                0x08003944        0x8 Src\usbd_conf.o
                0x08003944                HAL_PCD_ISOOUTIncompleteCallback
 .text.HAL_PCD_ISOINIncompleteCallback
                0x0800394c        0x8 Src\usbd_conf.o
                0x0800394c                HAL_PCD_ISOINIncompleteCallback
 .text.HAL_PCD_ConnectCallback
                0x08003954        0x8 Src\usbd_conf.o
                0x08003954                HAL_PCD_ConnectCallback
 .text.HAL_PCD_DisconnectCallback
                0x0800395c        0x8 Src\usbd_conf.o
                0x0800395c                HAL_PCD_DisconnectCallback
 .text.USBD_LL_Init
                0x08003964       0x68 Src\usbd_conf.o
                0x08003964                USBD_LL_Init
 .text.USBD_LL_Start
                0x080039cc       0x1c Src\usbd_conf.o
                0x080039cc                USBD_LL_Start
 .text.USBD_LL_OpenEP
                0x080039e8       0x20 Src\usbd_conf.o
                0x080039e8                USBD_LL_OpenEP
 .text.USBD_LL_CloseEP
                0x08003a08       0x1c Src\usbd_conf.o
                0x08003a08                USBD_LL_CloseEP
 .text.USBD_LL_StallEP
                0x08003a24       0x1c Src\usbd_conf.o
                0x08003a24                USBD_LL_StallEP
 .text.USBD_LL_ClearStallEP
                0x08003a40       0x1c Src\usbd_conf.o
                0x08003a40                USBD_LL_ClearStallEP
 .text.USBD_LL_IsStallEP
                0x08003a5c       0x26 Src\usbd_conf.o
                0x08003a5c                USBD_LL_IsStallEP
 *fill*         0x08003a82        0x2 
 .text.USBD_LL_SetUSBAddress
                0x08003a84       0x1c Src\usbd_conf.o
                0x08003a84                USBD_LL_SetUSBAddress
 .text.USBD_LL_Transmit
                0x08003aa0       0x1c Src\usbd_conf.o
                0x08003aa0                USBD_LL_Transmit
 .text.USBD_LL_PrepareReceive
                0x08003abc       0x1c Src\usbd_conf.o
                0x08003abc                USBD_LL_PrepareReceive
 .text.USBD_LL_GetRxDataSize
                0x08003ad8        0xc Src\usbd_conf.o
                0x08003ad8                USBD_LL_GetRxDataSize
 .text.USBD_FS_DeviceDescriptor
                0x08003ae4        0xc Src\usbd_desc.o
                0x08003ae4                USBD_FS_DeviceDescriptor
 .text.USBD_FS_LangIDStrDescriptor
                0x08003af0        0xc Src\usbd_desc.o
                0x08003af0                USBD_FS_LangIDStrDescriptor
 .text.USBD_FS_ManufacturerStrDescriptor
                0x08003afc       0x1c Src\usbd_desc.o
                0x08003afc                USBD_FS_ManufacturerStrDescriptor
 .text.USBD_FS_ProductStrDescriptor
                0x08003b18       0x1c Src\usbd_desc.o
                0x08003b18                USBD_FS_ProductStrDescriptor
 .text.USBD_FS_SerialStrDescriptor
                0x08003b34       0x1c Src\usbd_desc.o
                0x08003b34                USBD_FS_SerialStrDescriptor
 .text.USBD_FS_ConfigStrDescriptor
                0x08003b50       0x1c Src\usbd_desc.o
                0x08003b50                USBD_FS_ConfigStrDescriptor
 .text.USBD_FS_InterfaceStrDescriptor
                0x08003b6c       0x1c Src\usbd_desc.o
                0x08003b6c                USBD_FS_InterfaceStrDescriptor
 .text.Reset_Handler
                0x08003b88       0x50 startup\startup_stm32f411xe.o
                0x08003b88                Reset_Handler
 .text.Default_Handler
                0x08003bd8        0x2 startup\startup_stm32f411xe.o
                0x08003bd8                RTC_Alarm_IRQHandler
                0x08003bd8                EXTI2_IRQHandler
                0x08003bd8                SPI4_IRQHandler
                0x08003bd8                TIM1_CC_IRQHandler
                0x08003bd8                DMA2_Stream5_IRQHandler
                0x08003bd8                DMA1_Stream5_IRQHandler
                0x08003bd8                PVD_IRQHandler
                0x08003bd8                SDIO_IRQHandler
                0x08003bd8                TAMP_STAMP_IRQHandler
                0x08003bd8                EXTI3_IRQHandler
                0x08003bd8                TIM1_UP_TIM10_IRQHandler
                0x08003bd8                I2C3_ER_IRQHandler
                0x08003bd8                EXTI0_IRQHandler
                0x08003bd8                I2C2_EV_IRQHandler
                0x08003bd8                DMA1_Stream2_IRQHandler
                0x08003bd8                FPU_IRQHandler
                0x08003bd8                DMA2_Stream2_IRQHandler
                0x08003bd8                SPI1_IRQHandler
                0x08003bd8                TIM1_BRK_TIM9_IRQHandler
                0x08003bd8                DMA2_Stream3_IRQHandler
                0x08003bd8                USART6_IRQHandler
                0x08003bd8                DMA2_Stream0_IRQHandler
                0x08003bd8                TIM4_IRQHandler
                0x08003bd8                I2C1_EV_IRQHandler
                0x08003bd8                DMA1_Stream6_IRQHandler
                0x08003bd8                DMA1_Stream1_IRQHandler
                0x08003bd8                TIM3_IRQHandler
                0x08003bd8                RCC_IRQHandler
                0x08003bd8                Default_Handler
                0x08003bd8                EXTI15_10_IRQHandler
                0x08003bd8                ADC_IRQHandler
                0x08003bd8                DMA1_Stream7_IRQHandler
                0x08003bd8                SPI5_IRQHandler
                0x08003bd8                TIM5_IRQHandler
                0x08003bd8                DMA2_Stream7_IRQHandler
                0x08003bd8                I2C3_EV_IRQHandler
                0x08003bd8                EXTI9_5_IRQHandler
                0x08003bd8                RTC_WKUP_IRQHandler
                0x08003bd8                SPI2_IRQHandler
                0x08003bd8                DMA1_Stream0_IRQHandler
                0x08003bd8                EXTI4_IRQHandler
                0x08003bd8                WWDG_IRQHandler
                0x08003bd8                TIM2_IRQHandler
                0x08003bd8                OTG_FS_WKUP_IRQHandler
                0x08003bd8                TIM1_TRG_COM_TIM11_IRQHandler
                0x08003bd8                EXTI1_IRQHandler
                0x08003bd8                USART2_IRQHandler
                0x08003bd8                I2C2_ER_IRQHandler
                0x08003bd8                DMA2_Stream1_IRQHandler
                0x08003bd8                FLASH_IRQHandler
                0x08003bd8                DMA2_Stream4_IRQHandler
                0x08003bd8                USART1_IRQHandler
                0x08003bd8                SPI3_IRQHandler
                0x08003bd8                DMA1_Stream4_IRQHandler
                0x08003bd8                I2C1_ER_IRQHandler
                0x08003bd8                DMA2_Stream6_IRQHandler
                0x08003bd8                DMA1_Stream3_IRQHandler
 *fill*         0x08003bda        0x2 
 .text.__libc_init_array
                0x08003bdc       0x48 c:/program files (x86)/atollic/truestudio for stm32 9.0.0/armtools/bin/../lib/gcc/arm-atollic-eabi/6.3.1/../../../../arm-atollic-eabi/lib/armv7e-m/fpu\libc_nano.a(lib_a-init.o)
                0x08003bdc                __libc_init_array
 .text.malloc   0x08003c24       0x10 c:/program files (x86)/atollic/truestudio for stm32 9.0.0/armtools/bin/../lib/gcc/arm-atollic-eabi/6.3.1/../../../../arm-atollic-eabi/lib/armv7e-m/fpu\libc_nano.a(lib_a-malloc.o)
                0x08003c24                malloc
 .text.free     0x08003c34       0x10 c:/program files (x86)/atollic/truestudio for stm32 9.0.0/armtools/bin/../lib/gcc/arm-atollic-eabi/6.3.1/../../../../arm-atollic-eabi/lib/armv7e-m/fpu\libc_nano.a(lib_a-malloc.o)
                0x08003c34                free
 .text.memcpy   0x08003c44       0x16 c:/program files (x86)/atollic/truestudio for stm32 9.0.0/armtools/bin/../lib/gcc/arm-atollic-eabi/6.3.1/../../../../arm-atollic-eabi/lib/armv7e-m/fpu\libc_nano.a(lib_a-memcpy-stub.o)
                0x08003c44                memcpy
 *fill*         0x08003c5a        0x2 
 .text._free_r  0x08003c5c       0x9c c:/program files (x86)/atollic/truestudio for stm32 9.0.0/armtools/bin/../lib/gcc/arm-atollic-eabi/6.3.1/../../../../arm-atollic-eabi/lib/armv7e-m/fpu\libc_nano.a(lib_a-nano-freer.o)
                0x08003c5c                _free_r
 .text._malloc_r
                0x08003cf8       0xbc c:/program files (x86)/atollic/truestudio for stm32 9.0.0/armtools/bin/../lib/gcc/arm-atollic-eabi/6.3.1/../../../../arm-atollic-eabi/lib/armv7e-m/fpu\libc_nano.a(lib_a-nano-mallocr.o)
                0x08003cf8                _malloc_r
 .text._sbrk_r  0x08003db4       0x20 c:/program files (x86)/atollic/truestudio for stm32 9.0.0/armtools/bin/../lib/gcc/arm-atollic-eabi/6.3.1/../../../../arm-atollic-eabi/lib/armv7e-m/fpu\libc_nano.a(lib_a-sbrkr.o)
                0x08003db4                _sbrk_r
 .text.sprintf  0x08003dd4       0x48 c:/program files (x86)/atollic/truestudio for stm32 9.0.0/armtools/bin/../lib/gcc/arm-atollic-eabi/6.3.1/../../../../arm-atollic-eabi/lib/armv7e-m/fpu\libc_nano.a(lib_a-sprintf.o)
                0x08003dd4                siprintf
                0x08003dd4                sprintf
 .text.__malloc_lock
                0x08003e1c        0x2 c:/program files (x86)/atollic/truestudio for stm32 9.0.0/armtools/bin/../lib/gcc/arm-atollic-eabi/6.3.1/../../../../arm-atollic-eabi/lib/armv7e-m/fpu\libc_nano.a(lib_a-mlock.o)
                0x08003e1c                __malloc_lock
 .text.__malloc_unlock
                0x08003e1e        0x2 c:/program files (x86)/atollic/truestudio for stm32 9.0.0/armtools/bin/../lib/gcc/arm-atollic-eabi/6.3.1/../../../../arm-atollic-eabi/lib/armv7e-m/fpu\libc_nano.a(lib_a-mlock.o)
                0x08003e1e                __malloc_unlock
 .text.__ssputs_r
                0x08003e20       0xb6 c:/program files (x86)/atollic/truestudio for stm32 9.0.0/armtools/bin/../lib/gcc/arm-atollic-eabi/6.3.1/../../../../arm-atollic-eabi/lib/armv7e-m/fpu\libc_nano.a(lib_a-nano-svfprintf.o)
                0x08003e20                __ssputs_r
 *fill*         0x08003ed6        0x2 
 .text._svfprintf_r
                0x08003ed8      0x1e8 c:/program files (x86)/atollic/truestudio for stm32 9.0.0/armtools/bin/../lib/gcc/arm-atollic-eabi/6.3.1/../../../../arm-atollic-eabi/lib/armv7e-m/fpu\libc_nano.a(lib_a-nano-svfprintf.o)
                0x08003ed8                _svfiprintf_r
                0x08003ed8                _svfprintf_r
 .text._printf_common
                0x080040c0       0xec c:/program files (x86)/atollic/truestudio for stm32 9.0.0/armtools/bin/../lib/gcc/arm-atollic-eabi/6.3.1/../../../../arm-atollic-eabi/lib/armv7e-m/fpu\libc_nano.a(lib_a-nano-vfprintf_i.o)
                0x080040c0                _printf_common
 .text._printf_i
                0x080041ac      0x240 c:/program files (x86)/atollic/truestudio for stm32 9.0.0/armtools/bin/../lib/gcc/arm-atollic-eabi/6.3.1/../../../../arm-atollic-eabi/lib/armv7e-m/fpu\libc_nano.a(lib_a-nano-vfprintf_i.o)
                0x080041ac                _printf_i
 .text.memmove  0x080043ec       0x34 c:/program files (x86)/atollic/truestudio for stm32 9.0.0/armtools/bin/../lib/gcc/arm-atollic-eabi/6.3.1/../../../../arm-atollic-eabi/lib/armv7e-m/fpu\libc_nano.a(lib_a-memmove.o)
                0x080043ec                memmove
 .text._realloc_r
                0x08004420       0x4c c:/program files (x86)/atollic/truestudio for stm32 9.0.0/armtools/bin/../lib/gcc/arm-atollic-eabi/6.3.1/../../../../arm-atollic-eabi/lib/armv7e-m/fpu\libc_nano.a(lib_a-nano-reallocr.o)
                0x08004420                _realloc_r
 .text._malloc_usable_size_r
                0x0800446c       0x12 c:/program files (x86)/atollic/truestudio for stm32 9.0.0/armtools/bin/../lib/gcc/arm-atollic-eabi/6.3.1/../../../../arm-atollic-eabi/lib/armv7e-m/fpu\libc_nano.a(lib_a-nano-msizer.o)
                0x0800446c                _malloc_usable_size_r
 *fill*         0x0800447e        0x2 
 .text._sbrk    0x08004480       0x1c c:/program files (x86)/atollic/truestudio for stm32 9.0.0/armtools/bin/../lib/gcc/arm-atollic-eabi/6.3.1/../../../../arm-atollic-eabi/lib/armv7e-m/fpu\libnosys.a(sbrk.o)
                0x08004480                _sbrk
 *(.glue_7)
 .glue_7        0x0800449c        0x0 linker stubs
 *(.glue_7t)
 .glue_7t       0x0800449c        0x0 linker stubs
 *(.eh_frame)
 .eh_frame      0x0800449c        0x0 c:/program files (x86)/atollic/truestudio for stm32 9.0.0/armtools/bin/../lib/gcc/arm-atollic-eabi/6.3.1/armv7e-m/fpu/crtbegin.o
 *(.init)
 .init          0x0800449c        0x4 c:/program files (x86)/atollic/truestudio for stm32 9.0.0/armtools/bin/../lib/gcc/arm-atollic-eabi/6.3.1/armv7e-m/fpu/crti.o
                0x0800449c                _init
 .init          0x080044a0        0x8 c:/program files (x86)/atollic/truestudio for stm32 9.0.0/armtools/bin/../lib/gcc/arm-atollic-eabi/6.3.1/armv7e-m/fpu/crtn.o
 *(.fini)
 .fini          0x080044a8        0x4 c:/program files (x86)/atollic/truestudio for stm32 9.0.0/armtools/bin/../lib/gcc/arm-atollic-eabi/6.3.1/armv7e-m/fpu/crti.o
                0x080044a8                _fini
 .fini          0x080044ac        0x8 c:/program files (x86)/atollic/truestudio for stm32 9.0.0/armtools/bin/../lib/gcc/arm-atollic-eabi/6.3.1/armv7e-m/fpu/crtn.o
                0x080044b4                . = ALIGN (0x4)
                0x080044b4                _etext = .

.vfp11_veneer   0x080044b4        0x0
 .vfp11_veneer  0x080044b4        0x0 linker stubs

.v4_bx          0x080044b4        0x0
 .v4_bx         0x080044b4        0x0 linker stubs

.iplt           0x080044b4        0x0
 .iplt          0x080044b4        0x0 c:/program files (x86)/atollic/truestudio for stm32 9.0.0/armtools/bin/../lib/gcc/arm-atollic-eabi/6.3.1/armv7e-m/fpu/crtbegin.o

.rodata         0x080044b4       0xd4
                0x080044b4                . = ALIGN (0x4)
 *(.rodata)
 .rodata        0x080044b4       0x14 Src\main.o
 *(.rodata*)
 .rodata.vTaskStartScheduler.str1.1
                0x080044c8        0x5 Middlewares\Third_Party\FreeRTOS\Source\tasks.o
 .rodata.StartDefaultTask.str1.1
                0x080044cd        0x4 Src\main.o
                                  0x6 (size before relaxing)
 .rodata.str1.1
                0x080044d1        0xc Src\main.o
 .rodata.AHBPrescTable
                0x080044dd       0x10 Src\system_stm32f4xx.o
                0x080044dd                AHBPrescTable
 .rodata.CSWTCH.39
                0x080044ed        0x4 Src\usbd_conf.o
 .rodata.USBD_LL_Init.str1.1
                0x080044f1       0x13 Src\usbd_conf.o
 .rodata.USBD_FS_ConfigStrDescriptor.str1.1
                0x08004504        0xb Src\usbd_desc.o
 .rodata.USBD_FS_InterfaceStrDescriptor.str1.1
                0x0800450f        0xe Src\usbd_desc.o
 .rodata.USBD_FS_ManufacturerStrDescriptor.str1.1
                0x0800451d       0x13 Src\usbd_desc.o
 .rodata.USBD_FS_ProductStrDescriptor.str1.1
                0x08004530       0x16 Src\usbd_desc.o
 .rodata.USBD_FS_SerialStrDescriptor.str1.1
                0x08004546        0xd Src\usbd_desc.o
 .rodata._svfprintf_r.str1.1
                0x08004553       0x11 c:/program files (x86)/atollic/truestudio for stm32 9.0.0/armtools/bin/../lib/gcc/arm-atollic-eabi/6.3.1/../../../../arm-atollic-eabi/lib/armv7e-m/fpu\libc_nano.a(lib_a-nano-svfprintf.o)
 .rodata._printf_i.str1.1
                0x08004564       0x22 c:/program files (x86)/atollic/truestudio for stm32 9.0.0/armtools/bin/../lib/gcc/arm-atollic-eabi/6.3.1/../../../../arm-atollic-eabi/lib/armv7e-m/fpu\libc_nano.a(lib_a-nano-vfprintf_i.o)
                0x08004588                . = ALIGN (0x4)
 *fill*         0x08004586        0x2 

.ARM.extab
 *(.ARM.extab* .gnu.linkonce.armextab.*)

.ARM            0x08004588        0x8
                0x08004588                __exidx_start = .
 *(.ARM.exidx*)
 .ARM.exidx     0x08004588        0x8 c:/program files (x86)/atollic/truestudio for stm32 9.0.0/armtools/bin/../lib/gcc/arm-atollic-eabi/6.3.1/armv7e-m/fpu\libgcc.a(_udivmoddi4.o)
                0x08004590                __exidx_end = .

.rel.dyn        0x08004590        0x0
 .rel.iplt      0x08004590        0x0 c:/program files (x86)/atollic/truestudio for stm32 9.0.0/armtools/bin/../lib/gcc/arm-atollic-eabi/6.3.1/armv7e-m/fpu/crtbegin.o

.preinit_array  0x08004590        0x0
                0x08004590                PROVIDE (__preinit_array_start, .)
 *(.preinit_array*)
                0x08004590                PROVIDE (__preinit_array_end, .)

.init_array     0x08004590        0x4
                0x08004590                PROVIDE (__init_array_start, .)
 *(SORT(.init_array.*))
 *(.init_array*)
 .init_array    0x08004590        0x4 c:/program files (x86)/atollic/truestudio for stm32 9.0.0/armtools/bin/../lib/gcc/arm-atollic-eabi/6.3.1/armv7e-m/fpu/crtbegin.o
                0x08004594                PROVIDE (__init_array_end, .)

.fini_array     0x08004594        0x4
                [!provide]                PROVIDE (__fini_array_start, .)
 *(SORT(.fini_array.*))
 *(.fini_array*)
 .fini_array    0x08004594        0x4 c:/program files (x86)/atollic/truestudio for stm32 9.0.0/armtools/bin/../lib/gcc/arm-atollic-eabi/6.3.1/armv7e-m/fpu/crtbegin.o
                [!provide]                PROVIDE (__fini_array_end, .)
                0x08004598                _sidata = LOADADDR (.data)

.data           0x20000000      0x1c8 load address 0x08004598
                0x20000000                . = ALIGN (0x4)
                0x20000000                _sdata = .
 *(.data)
 *(.data*)
 .data.uwTickFreq
                0x20000000        0x1 Drivers\STM32F4xx_HAL_Driver\Src\stm32f4xx_hal.o
                0x20000000                uwTickFreq
 *fill*         0x20000001        0x3 
 .data.uwTickPrio
                0x20000004        0x4 Drivers\STM32F4xx_HAL_Driver\Src\stm32f4xx_hal.o
                0x20000004                uwTickPrio
 .data.USBD_CDC
                0x20000008       0x38 Middlewares\ST\STM32_USB_Device_Library\Class\CDC\Src\usbd_cdc.o
                0x20000008                USBD_CDC
 .data.USBD_CDC_CfgFSDesc
                0x20000040       0x43 Middlewares\ST\STM32_USB_Device_Library\Class\CDC\Src\usbd_cdc.o
                0x20000040                USBD_CDC_CfgFSDesc
 *fill*         0x20000083        0x1 
 .data.USBD_CDC_CfgHSDesc
                0x20000084       0x43 Middlewares\ST\STM32_USB_Device_Library\Class\CDC\Src\usbd_cdc.o
                0x20000084                USBD_CDC_CfgHSDesc
 *fill*         0x200000c7        0x1 
 .data.USBD_CDC_DeviceQualifierDesc
                0x200000c8        0xa Middlewares\ST\STM32_USB_Device_Library\Class\CDC\Src\usbd_cdc.o
 *fill*         0x200000d2        0x2 
 .data.USBD_CDC_OtherSpeedCfgDesc
                0x200000d4       0x43 Middlewares\ST\STM32_USB_Device_Library\Class\CDC\Src\usbd_cdc.o
                0x200000d4                USBD_CDC_OtherSpeedCfgDesc
 *fill*         0x20000117        0x1 
 .data.uxCriticalNesting
                0x20000118        0x4 Middlewares\Third_Party\FreeRTOS\Source\portable\GCC\ARM_CM4F\port.o
 .data.SystemCoreClock
                0x2000011c        0x4 Src\system_stm32f4xx.o
                0x2000011c                SystemCoreClock
 .data.USBD_Interface_fops_FS
                0x20000120       0x10 Src\usbd_cdc_if.o
                0x20000120                USBD_Interface_fops_FS
 .data.FS_Desc  0x20000130       0x1c Src\usbd_desc.o
                0x20000130                FS_Desc
 .data.USBD_FS_DeviceDesc
                0x2000014c       0x12 Src\usbd_desc.o
                0x2000014c                USBD_FS_DeviceDesc
 *fill*         0x2000015e        0x2 
 .data.USBD_LangIDDesc
                0x20000160        0x4 Src\usbd_desc.o
                0x20000160                USBD_LangIDDesc
 .data._impure_ptr
                0x20000164        0x4 c:/program files (x86)/atollic/truestudio for stm32 9.0.0/armtools/bin/../lib/gcc/arm-atollic-eabi/6.3.1/../../../../arm-atollic-eabi/lib/armv7e-m/fpu\libc_nano.a(lib_a-impure.o)
                0x20000164                _impure_ptr
 .data.impure_data
                0x20000168       0x60 c:/program files (x86)/atollic/truestudio for stm32 9.0.0/armtools/bin/../lib/gcc/arm-atollic-eabi/6.3.1/../../../../arm-atollic-eabi/lib/armv7e-m/fpu\libc_nano.a(lib_a-impure.o)
                0x200001c8                . = ALIGN (0x4)
                0x200001c8                _edata = .

.igot.plt       0x200001c8        0x0 load address 0x08004760
 .igot.plt      0x200001c8        0x0 c:/program files (x86)/atollic/truestudio for stm32 9.0.0/armtools/bin/../lib/gcc/arm-atollic-eabi/6.3.1/armv7e-m/fpu/crtbegin.o
                0x200001c8                . = ALIGN (0x4)

.bss            0x200001c8     0x55d0 load address 0x08004760
                0x200001c8                _sbss = .
                0x200001c8                __bss_start__ = _sbss
 *(.bss)
 .bss           0x200001c8       0x1c c:/program files (x86)/atollic/truestudio for stm32 9.0.0/armtools/bin/../lib/gcc/arm-atollic-eabi/6.3.1/armv7e-m/fpu/crtbegin.o
 *(.bss*)
 .bss.ifalt.9660
                0x200001e4        0x1 Middlewares\ST\STM32_USB_Device_Library\Class\CDC\Src\usbd_cdc.o
 .bss.cfgidx.9665
                0x200001e5        0x1 Middlewares\ST\STM32_USB_Device_Library\Core\Src\usbd_ctlreq.o
 .bss.ucMaxSysCallPriority
                0x200001e6        0x1 Middlewares\Third_Party\FreeRTOS\Source\portable\GCC\ARM_CM4F\port.o
 *fill*         0x200001e7        0x1 
 .bss.ulMaxPRIGROUPValue
                0x200001e8        0x4 Middlewares\Third_Party\FreeRTOS\Source\portable\GCC\ARM_CM4F\port.o
 .bss.pxEnd     0x200001ec        0x4 Middlewares\Third_Party\FreeRTOS\Source\portable\MemMang\heap_4.o
 .bss.ucHeap    0x200001f0     0x3c00 Middlewares\Third_Party\FreeRTOS\Source\portable\MemMang\heap_4.o
 .bss.xBlockAllocatedBit
                0x20003df0        0x4 Middlewares\Third_Party\FreeRTOS\Source\portable\MemMang\heap_4.o
 .bss.xFreeBytesRemaining
                0x20003df4        0x4 Middlewares\Third_Party\FreeRTOS\Source\portable\MemMang\heap_4.o
 .bss.xMinimumEverFreeBytesRemaining
                0x20003df8        0x4 Middlewares\Third_Party\FreeRTOS\Source\portable\MemMang\heap_4.o
 .bss.xStart    0x20003dfc        0x8 Middlewares\Third_Party\FreeRTOS\Source\portable\MemMang\heap_4.o
 .bss.pxCurrentTCB
                0x20003e04        0x4 Middlewares\Third_Party\FreeRTOS\Source\tasks.o
                0x20003e04                pxCurrentTCB
 .bss.pxDelayedTaskList
                0x20003e08        0x4 Middlewares\Third_Party\FreeRTOS\Source\tasks.o
 .bss.pxOverflowDelayedTaskList
                0x20003e0c        0x4 Middlewares\Third_Party\FreeRTOS\Source\tasks.o
 .bss.pxReadyTasksLists
                0x20003e10       0x8c Middlewares\Third_Party\FreeRTOS\Source\tasks.o
 .bss.uxCurrentNumberOfTasks
                0x20003e9c        0x4 Middlewares\Third_Party\FreeRTOS\Source\tasks.o
 .bss.uxDeletedTasksWaitingCleanUp
                0x20003ea0        0x4 Middlewares\Third_Party\FreeRTOS\Source\tasks.o
 .bss.uxPendedTicks
                0x20003ea4        0x4 Middlewares\Third_Party\FreeRTOS\Source\tasks.o
 .bss.uxSchedulerSuspended
                0x20003ea8        0x4 Middlewares\Third_Party\FreeRTOS\Source\tasks.o
 .bss.uxTaskNumber
                0x20003eac        0x4 Middlewares\Third_Party\FreeRTOS\Source\tasks.o
 .bss.uxTopReadyPriority
                0x20003eb0        0x4 Middlewares\Third_Party\FreeRTOS\Source\tasks.o
 .bss.xDelayedTaskList1
                0x20003eb4       0x14 Middlewares\Third_Party\FreeRTOS\Source\tasks.o
 .bss.xDelayedTaskList2
                0x20003ec8       0x14 Middlewares\Third_Party\FreeRTOS\Source\tasks.o
 .bss.xIdleTaskHandle
                0x20003edc        0x4 Middlewares\Third_Party\FreeRTOS\Source\tasks.o
 .bss.xNextTaskUnblockTime
                0x20003ee0        0x4 Middlewares\Third_Party\FreeRTOS\Source\tasks.o
 .bss.xNumOfOverflows
                0x20003ee4        0x4 Middlewares\Third_Party\FreeRTOS\Source\tasks.o
 .bss.xPendingReadyList
                0x20003ee8       0x14 Middlewares\Third_Party\FreeRTOS\Source\tasks.o
 .bss.xSchedulerRunning
                0x20003efc        0x4 Middlewares\Third_Party\FreeRTOS\Source\tasks.o
 .bss.xSuspendedTaskList
                0x20003f00       0x14 Middlewares\Third_Party\FreeRTOS\Source\tasks.o
 .bss.xTasksWaitingTermination
                0x20003f14       0x14 Middlewares\Third_Party\FreeRTOS\Source\tasks.o
 .bss.xTickCount
                0x20003f28        0x4 Middlewares\Third_Party\FreeRTOS\Source\tasks.o
 .bss.xYieldPending
                0x20003f2c        0x4 Middlewares\Third_Party\FreeRTOS\Source\tasks.o
 .bss.__malloc_free_list
                0x20003f30        0x4 c:/program files (x86)/atollic/truestudio for stm32 9.0.0/armtools/bin/../lib/gcc/arm-atollic-eabi/6.3.1/../../../../arm-atollic-eabi/lib/armv7e-m/fpu\libc_nano.a(lib_a-nano-mallocr.o)
                0x20003f30                __malloc_free_list
 .bss.__malloc_sbrk_start
                0x20003f34        0x4 c:/program files (x86)/atollic/truestudio for stm32 9.0.0/armtools/bin/../lib/gcc/arm-atollic-eabi/6.3.1/../../../../arm-atollic-eabi/lib/armv7e-m/fpu\libc_nano.a(lib_a-nano-mallocr.o)
                0x20003f34                __malloc_sbrk_start
 .bss.heap_end.5239
                0x20003f38        0x4 c:/program files (x86)/atollic/truestudio for stm32 9.0.0/armtools/bin/../lib/gcc/arm-atollic-eabi/6.3.1/../../../../arm-atollic-eabi/lib/armv7e-m/fpu\libnosys.a(sbrk.o)
 *(COMMON)
 COMMON         0x20003f3c        0x4 Drivers\STM32F4xx_HAL_Driver\Src\stm32f4xx_hal.o
                0x20003f3c                uwTick
 COMMON         0x20003f40       0x40 Src\main.o
                0x20003f40                defaultTaskHandle
                0x20003f44                htim3
 COMMON         0x20003f80      0x224 Src\usb_device.o
                0x20003f80                hUsbDeviceFS
 COMMON         0x200041a4     0x1000 Src\usbd_cdc_if.o
                0x200041a4                UserRxBufferFS
                0x200049a4                UserTxBufferFS
 COMMON         0x200051a4      0x3f0 Src\usbd_conf.o
                0x200051a4                hpcd_USB_OTG_FS
 COMMON         0x20005594      0x200 Src\usbd_desc.o
                0x20005594                USBD_StrDesc
 COMMON         0x20005794        0x4 c:/program files (x86)/atollic/truestudio for stm32 9.0.0/armtools/bin/../lib/gcc/arm-atollic-eabi/6.3.1/../../../../arm-atollic-eabi/lib/armv7e-m/fpu\libc_nano.a(lib_a-reent.o)
                0x20005794                errno
                0x20005798                . = ALIGN (0x4)
                0x20005798                _ebss = .
                0x20005798                __bss_end__ = _ebss

._user_heap_stack
                0x20005798      0x600 load address 0x08004760
                0x20005798                . = ALIGN (0x4)
                0x20005798                PROVIDE (end, .)
                [!provide]                PROVIDE (_end, .)
                0x20005998                . = (. + _Min_Heap_Size)
 *fill*         0x20005798      0x200 
                0x20005d98                . = (. + _Min_Stack_Size)
 *fill*         0x20005998      0x400 
                0x20005d98                . = ALIGN (0x4)

/DISCARD/
 libc.a(*)
 libm.a(*)
 libgcc.a(*)

.ARM.attributes
                0x00000000       0x30
 *(.ARM.attributes)
 .ARM.attributes
                0x00000000       0x22 c:/program files (x86)/atollic/truestudio for stm32 9.0.0/armtools/bin/../lib/gcc/arm-atollic-eabi/6.3.1/armv7e-m/fpu/crti.o
 .ARM.attributes
                0x00000022       0x34 c:/program files (x86)/atollic/truestudio for stm32 9.0.0/armtools/bin/../lib/gcc/arm-atollic-eabi/6.3.1/armv7e-m/fpu/crtbegin.o
 .ARM.attributes
                0x00000056       0x39 Drivers\STM32F4xx_HAL_Driver\Src\stm32f4xx_hal.o
 .ARM.attributes
                0x0000008f       0x39 Drivers\STM32F4xx_HAL_Driver\Src\stm32f4xx_hal_cortex.o
 .ARM.attributes
                0x000000c8       0x39 Drivers\STM32F4xx_HAL_Driver\Src\stm32f4xx_hal_gpio.o
 .ARM.attributes
                0x00000101       0x39 Drivers\STM32F4xx_HAL_Driver\Src\stm32f4xx_hal_pcd.o
 .ARM.attributes
                0x0000013a       0x39 Drivers\STM32F4xx_HAL_Driver\Src\stm32f4xx_hal_pcd_ex.o
 .ARM.attributes
                0x00000173       0x39 Drivers\STM32F4xx_HAL_Driver\Src\stm32f4xx_hal_rcc.o
 .ARM.attributes
                0x000001ac       0x39 Drivers\STM32F4xx_HAL_Driver\Src\stm32f4xx_hal_tim.o
 .ARM.attributes
                0x000001e5       0x39 Drivers\STM32F4xx_HAL_Driver\Src\stm32f4xx_hal_tim_ex.o
 .ARM.attributes
                0x0000021e       0x39 Drivers\STM32F4xx_HAL_Driver\Src\stm32f4xx_ll_usb.o
 .ARM.attributes
                0x00000257       0x39 Middlewares\ST\STM32_USB_Device_Library\Class\CDC\Src\usbd_cdc.o
 .ARM.attributes
                0x00000290       0x39 Middlewares\ST\STM32_USB_Device_Library\Core\Src\usbd_core.o
 .ARM.attributes
                0x000002c9       0x39 Middlewares\ST\STM32_USB_Device_Library\Core\Src\usbd_ctlreq.o
 .ARM.attributes
                0x00000302       0x39 Middlewares\ST\STM32_USB_Device_Library\Core\Src\usbd_ioreq.o
 .ARM.attributes
                0x0000033b       0x39 Middlewares\Third_Party\FreeRTOS\Source\CMSIS_RTOS\cmsis_os.o
 .ARM.attributes
                0x00000374       0x39 Middlewares\Third_Party\FreeRTOS\Source\list.o
 .ARM.attributes
                0x000003ad       0x39 Middlewares\Third_Party\FreeRTOS\Source\portable\GCC\ARM_CM4F\port.o
 .ARM.attributes
                0x000003e6       0x39 Middlewares\Third_Party\FreeRTOS\Source\portable\MemMang\heap_4.o
 .ARM.attributes
                0x0000041f       0x39 Middlewares\Third_Party\FreeRTOS\Source\tasks.o
 .ARM.attributes
                0x00000458       0x39 Src\main.o
 .ARM.attributes
                0x00000491       0x39 Src\stm32f4xx_hal_msp.o
 .ARM.attributes
                0x000004ca       0x39 Src\stm32f4xx_it.o
 .ARM.attributes
                0x00000503       0x39 Src\system_stm32f4xx.o
 .ARM.attributes
                0x0000053c       0x39 Src\usb_device.o
 .ARM.attributes
                0x00000575       0x39 Src\usbd_cdc_if.o
 .ARM.attributes
                0x000005ae       0x39 Src\usbd_conf.o
 .ARM.attributes
                0x000005e7       0x39 Src\usbd_desc.o
 .ARM.attributes
                0x00000620       0x21 startup\startup_stm32f411xe.o
 .ARM.attributes
                0x00000641       0x34 c:/program files (x86)/atollic/truestudio for stm32 9.0.0/armtools/bin/../lib/gcc/arm-atollic-eabi/6.3.1/../../../../arm-atollic-eabi/lib/armv7e-m/fpu\libc_nano.a(lib_a-init.o)
 .ARM.attributes
                0x00000675       0x34 c:/program files (x86)/atollic/truestudio for stm32 9.0.0/armtools/bin/../lib/gcc/arm-atollic-eabi/6.3.1/../../../../arm-atollic-eabi/lib/armv7e-m/fpu\libc_nano.a(lib_a-malloc.o)
 .ARM.attributes
                0x000006a9       0x34 c:/program files (x86)/atollic/truestudio for stm32 9.0.0/armtools/bin/../lib/gcc/arm-atollic-eabi/6.3.1/../../../../arm-atollic-eabi/lib/armv7e-m/fpu\libc_nano.a(lib_a-memcpy-stub.o)
 .ARM.attributes
                0x000006dd       0x34 c:/program files (x86)/atollic/truestudio for stm32 9.0.0/armtools/bin/../lib/gcc/arm-atollic-eabi/6.3.1/../../../../arm-atollic-eabi/lib/armv7e-m/fpu\libc_nano.a(lib_a-nano-freer.o)
 .ARM.attributes
                0x00000711       0x34 c:/program files (x86)/atollic/truestudio for stm32 9.0.0/armtools/bin/../lib/gcc/arm-atollic-eabi/6.3.1/../../../../arm-atollic-eabi/lib/armv7e-m/fpu\libc_nano.a(lib_a-nano-mallocr.o)
 .ARM.attributes
                0x00000745       0x34 c:/program files (x86)/atollic/truestudio for stm32 9.0.0/armtools/bin/../lib/gcc/arm-atollic-eabi/6.3.1/../../../../arm-atollic-eabi/lib/armv7e-m/fpu\libc_nano.a(lib_a-sbrkr.o)
 .ARM.attributes
                0x00000779       0x34 c:/program files (x86)/atollic/truestudio for stm32 9.0.0/armtools/bin/../lib/gcc/arm-atollic-eabi/6.3.1/../../../../arm-atollic-eabi/lib/armv7e-m/fpu\libc_nano.a(lib_a-sprintf.o)
 .ARM.attributes
                0x000007ad       0x34 c:/program files (x86)/atollic/truestudio for stm32 9.0.0/armtools/bin/../lib/gcc/arm-atollic-eabi/6.3.1/../../../../arm-atollic-eabi/lib/armv7e-m/fpu\libc_nano.a(lib_a-impure.o)
 .ARM.attributes
                0x000007e1       0x34 c:/program files (x86)/atollic/truestudio for stm32 9.0.0/armtools/bin/../lib/gcc/arm-atollic-eabi/6.3.1/../../../../arm-atollic-eabi/lib/armv7e-m/fpu\libc_nano.a(lib_a-mlock.o)
 .ARM.attributes
                0x00000815       0x34 c:/program files (x86)/atollic/truestudio for stm32 9.0.0/armtools/bin/../lib/gcc/arm-atollic-eabi/6.3.1/../../../../arm-atollic-eabi/lib/armv7e-m/fpu\libc_nano.a(lib_a-nano-svfprintf.o)
 .ARM.attributes
                0x00000849       0x34 c:/program files (x86)/atollic/truestudio for stm32 9.0.0/armtools/bin/../lib/gcc/arm-atollic-eabi/6.3.1/../../../../arm-atollic-eabi/lib/armv7e-m/fpu\libc_nano.a(lib_a-nano-vfprintf_i.o)
 .ARM.attributes
                0x0000087d       0x34 c:/program files (x86)/atollic/truestudio for stm32 9.0.0/armtools/bin/../lib/gcc/arm-atollic-eabi/6.3.1/../../../../arm-atollic-eabi/lib/armv7e-m/fpu\libc_nano.a(lib_a-reent.o)
 .ARM.attributes
                0x000008b1       0x20 c:/program files (x86)/atollic/truestudio for stm32 9.0.0/armtools/bin/../lib/gcc/arm-atollic-eabi/6.3.1/../../../../arm-atollic-eabi/lib/armv7e-m/fpu\libc_nano.a(lib_a-memchr.o)
 .ARM.attributes
                0x000008d1       0x34 c:/program files (x86)/atollic/truestudio for stm32 9.0.0/armtools/bin/../lib/gcc/arm-atollic-eabi/6.3.1/../../../../arm-atollic-eabi/lib/armv7e-m/fpu\libc_nano.a(lib_a-memmove.o)
 .ARM.attributes
                0x00000905       0x34 c:/program files (x86)/atollic/truestudio for stm32 9.0.0/armtools/bin/../lib/gcc/arm-atollic-eabi/6.3.1/../../../../arm-atollic-eabi/lib/armv7e-m/fpu\libc_nano.a(lib_a-nano-reallocr.o)
 .ARM.attributes
                0x00000939       0x34 c:/program files (x86)/atollic/truestudio for stm32 9.0.0/armtools/bin/../lib/gcc/arm-atollic-eabi/6.3.1/../../../../arm-atollic-eabi/lib/armv7e-m/fpu\libc_nano.a(lib_a-nano-msizer.o)
 .ARM.attributes
                0x0000096d       0x22 c:/program files (x86)/atollic/truestudio for stm32 9.0.0/armtools/bin/../lib/gcc/arm-atollic-eabi/6.3.1/armv7e-m/fpu\libgcc.a(_aeabi_uldivmod.o)
 .ARM.attributes
                0x0000098f       0x34 c:/program files (x86)/atollic/truestudio for stm32 9.0.0/armtools/bin/../lib/gcc/arm-atollic-eabi/6.3.1/armv7e-m/fpu\libgcc.a(_udivmoddi4.o)
 .ARM.attributes
                0x000009c3       0x22 c:/program files (x86)/atollic/truestudio for stm32 9.0.0/armtools/bin/../lib/gcc/arm-atollic-eabi/6.3.1/armv7e-m/fpu\libgcc.a(_dvmd_tls.o)
 .ARM.attributes
                0x000009e5       0x34 c:/program files (x86)/atollic/truestudio for stm32 9.0.0/armtools/bin/../lib/gcc/arm-atollic-eabi/6.3.1/../../../../arm-atollic-eabi/lib/armv7e-m/fpu\libnosys.a(sbrk.o)
 .ARM.attributes
                0x00000a19       0x22 c:/program files (x86)/atollic/truestudio for stm32 9.0.0/armtools/bin/../lib/gcc/arm-atollic-eabi/6.3.1/armv7e-m/fpu/crtn.o
OUTPUT(encoder2.elf elf32-littlearm)

.debug_info     0x00000000    0x23ecd
 .debug_info    0x00000000     0x1180 Drivers\STM32F4xx_HAL_Driver\Src\stm32f4xx_hal.o
 .debug_info    0x00001180     0x16b4 Drivers\STM32F4xx_HAL_Driver\Src\stm32f4xx_hal_cortex.o
 .debug_info    0x00002834      0xfb0 Drivers\STM32F4xx_HAL_Driver\Src\stm32f4xx_hal_gpio.o
 .debug_info    0x000037e4     0x1c57 Drivers\STM32F4xx_HAL_Driver\Src\stm32f4xx_hal_pcd.o
 .debug_info    0x0000543b      0xdc5 Drivers\STM32F4xx_HAL_Driver\Src\stm32f4xx_hal_pcd_ex.o
 .debug_info    0x00006200     0x1293 Drivers\STM32F4xx_HAL_Driver\Src\stm32f4xx_hal_rcc.o
 .debug_info    0x00007493     0x3b9a Drivers\STM32F4xx_HAL_Driver\Src\stm32f4xx_hal_tim.o
 .debug_info    0x0000b02d     0x199d Drivers\STM32F4xx_HAL_Driver\Src\stm32f4xx_hal_tim_ex.o
 .debug_info    0x0000c9ca     0x1f59 Drivers\STM32F4xx_HAL_Driver\Src\stm32f4xx_ll_usb.o
 .debug_info    0x0000e923     0x14f6 Middlewares\ST\STM32_USB_Device_Library\Class\CDC\Src\usbd_cdc.o
 .debug_info    0x0000fe19     0x1466 Middlewares\ST\STM32_USB_Device_Library\Core\Src\usbd_core.o
 .debug_info    0x0001127f     0x1499 Middlewares\ST\STM32_USB_Device_Library\Core\Src\usbd_ctlreq.o
 .debug_info    0x00012718      0xfc5 Middlewares\ST\STM32_USB_Device_Library\Core\Src\usbd_ioreq.o
 .debug_info    0x000136dd     0x2504 Middlewares\Third_Party\FreeRTOS\Source\CMSIS_RTOS\cmsis_os.o
 .debug_info    0x00015be1      0xac0 Middlewares\Third_Party\FreeRTOS\Source\list.o
 .debug_info    0x000166a1      0x531 Middlewares\Third_Party\FreeRTOS\Source\portable\GCC\ARM_CM4F\port.o
 .debug_info    0x00016bd2      0xca5 Middlewares\Third_Party\FreeRTOS\Source\portable\MemMang\heap_4.o
 .debug_info    0x00017877     0x2997 Middlewares\Third_Party\FreeRTOS\Source\tasks.o
 .debug_info    0x0001a20e     0x1e28 Src\main.o
 .debug_info    0x0001c036     0x145a Src\stm32f4xx_hal_msp.o
 .debug_info    0x0001d490      0xdd3 Src\stm32f4xx_it.o
 .debug_info    0x0001e263      0xd46 Src\system_stm32f4xx.o
 .debug_info    0x0001efa9      0xe80 Src\usb_device.o
 .debug_info    0x0001fe29     0x1090 Src\usbd_cdc_if.o
 .debug_info    0x00020eb9     0x221c Src\usbd_conf.o
 .debug_info    0x000230d5      0xd81 Src\usbd_desc.o
 .debug_info    0x00023e56       0x77 startup\startup_stm32f411xe.o

.debug_abbrev   0x00000000     0x4a93
 .debug_abbrev  0x00000000      0x308 Drivers\STM32F4xx_HAL_Driver\Src\stm32f4xx_hal.o
 .debug_abbrev  0x00000308      0x399 Drivers\STM32F4xx_HAL_Driver\Src\stm32f4xx_hal_cortex.o
 .debug_abbrev  0x000006a1      0x268 Drivers\STM32F4xx_HAL_Driver\Src\stm32f4xx_hal_gpio.o
 .debug_abbrev  0x00000909      0x397 Drivers\STM32F4xx_HAL_Driver\Src\stm32f4xx_hal_pcd.o
 .debug_abbrev  0x00000ca0      0x213 Drivers\STM32F4xx_HAL_Driver\Src\stm32f4xx_hal_pcd_ex.o
 .debug_abbrev  0x00000eb3      0x353 Drivers\STM32F4xx_HAL_Driver\Src\stm32f4xx_hal_rcc.o
 .debug_abbrev  0x00001206      0x3ac Drivers\STM32F4xx_HAL_Driver\Src\stm32f4xx_hal_tim.o
 .debug_abbrev  0x000015b2      0x300 Drivers\STM32F4xx_HAL_Driver\Src\stm32f4xx_hal_tim_ex.o
 .debug_abbrev  0x000018b2      0x380 Drivers\STM32F4xx_HAL_Driver\Src\stm32f4xx_ll_usb.o
 .debug_abbrev  0x00001c32      0x2e8 Middlewares\ST\STM32_USB_Device_Library\Class\CDC\Src\usbd_cdc.o
 .debug_abbrev  0x00001f1a      0x308 Middlewares\ST\STM32_USB_Device_Library\Core\Src\usbd_core.o
 .debug_abbrev  0x00002222      0x3aa Middlewares\ST\STM32_USB_Device_Library\Core\Src\usbd_ctlreq.o
 .debug_abbrev  0x000025cc      0x1da Middlewares\ST\STM32_USB_Device_Library\Core\Src\usbd_ioreq.o
 .debug_abbrev  0x000027a6      0x450 Middlewares\Third_Party\FreeRTOS\Source\CMSIS_RTOS\cmsis_os.o
 .debug_abbrev  0x00002bf6      0x1e3 Middlewares\Third_Party\FreeRTOS\Source\list.o
 .debug_abbrev  0x00002dd9      0x211 Middlewares\Third_Party\FreeRTOS\Source\portable\GCC\ARM_CM4F\port.o
 .debug_abbrev  0x00002fea      0x314 Middlewares\Third_Party\FreeRTOS\Source\portable\MemMang\heap_4.o
 .debug_abbrev  0x000032fe      0x419 Middlewares\Third_Party\FreeRTOS\Source\tasks.o
 .debug_abbrev  0x00003717      0x351 Src\main.o
 .debug_abbrev  0x00003a68      0x23d Src\stm32f4xx_hal_msp.o
 .debug_abbrev  0x00003ca5      0x23e Src\stm32f4xx_it.o
 .debug_abbrev  0x00003ee3      0x1ca Src\system_stm32f4xx.o
 .debug_abbrev  0x000040ad      0x1e0 Src\usb_device.o
 .debug_abbrev  0x0000428d      0x2ab Src\usbd_cdc_if.o
 .debug_abbrev  0x00004538      0x2e8 Src\usbd_conf.o
 .debug_abbrev  0x00004820      0x261 Src\usbd_desc.o
 .debug_abbrev  0x00004a81       0x12 startup\startup_stm32f411xe.o

.debug_loc      0x00000000     0xb24e
 .debug_loc     0x00000000      0x11b Drivers\STM32F4xx_HAL_Driver\Src\stm32f4xx_hal.o
 .debug_loc     0x0000011b      0x4fb Drivers\STM32F4xx_HAL_Driver\Src\stm32f4xx_hal_cortex.o
 .debug_loc     0x00000616      0x381 Drivers\STM32F4xx_HAL_Driver\Src\stm32f4xx_hal_gpio.o
 .debug_loc     0x00000997      0xb60 Drivers\STM32F4xx_HAL_Driver\Src\stm32f4xx_hal_pcd.o
 .debug_loc     0x000014f7      0x10a Drivers\STM32F4xx_HAL_Driver\Src\stm32f4xx_hal_pcd_ex.o
 .debug_loc     0x00001601      0x336 Drivers\STM32F4xx_HAL_Driver\Src\stm32f4xx_hal_rcc.o
 .debug_loc     0x00001937     0x2ff9 Drivers\STM32F4xx_HAL_Driver\Src\stm32f4xx_hal_tim.o
 .debug_loc     0x00004930      0x84a Drivers\STM32F4xx_HAL_Driver\Src\stm32f4xx_hal_tim_ex.o
 .debug_loc     0x0000517a     0x1632 Drivers\STM32F4xx_HAL_Driver\Src\stm32f4xx_ll_usb.o
 .debug_loc     0x000067ac      0x4cf Middlewares\ST\STM32_USB_Device_Library\Class\CDC\Src\usbd_cdc.o
 .debug_loc     0x00006c7b      0x5f2 Middlewares\ST\STM32_USB_Device_Library\Core\Src\usbd_core.o
 .debug_loc     0x0000726d      0x7cd Middlewares\ST\STM32_USB_Device_Library\Core\Src\usbd_ctlreq.o
 .debug_loc     0x00007a3a      0x23c Middlewares\ST\STM32_USB_Device_Library\Core\Src\usbd_ioreq.o
 .debug_loc     0x00007c76     0x1038 Middlewares\Third_Party\FreeRTOS\Source\CMSIS_RTOS\cmsis_os.o
 .debug_loc     0x00008cae       0x94 Middlewares\Third_Party\FreeRTOS\Source\list.o
 .debug_loc     0x00008d42       0xcf Middlewares\Third_Party\FreeRTOS\Source\portable\GCC\ARM_CM4F\port.o
 .debug_loc     0x00008e11      0x390 Middlewares\Third_Party\FreeRTOS\Source\portable\MemMang\heap_4.o
 .debug_loc     0x000091a1     0x1249 Middlewares\Third_Party\FreeRTOS\Source\tasks.o
 .debug_loc     0x0000a3ea       0x21 Src\main.o
 .debug_loc     0x0000a40b       0x4d Src\stm32f4xx_hal_msp.o
 .debug_loc     0x0000a458      0x11c Src\system_stm32f4xx.o
 .debug_loc     0x0000a574      0x10c Src\usbd_cdc_if.o
 .debug_loc     0x0000a680      0x95b Src\usbd_conf.o
 .debug_loc     0x0000afdb      0x273 Src\usbd_desc.o

.debug_aranges  0x00000000     0x1090
 .debug_aranges
                0x00000000       0xd8 Drivers\STM32F4xx_HAL_Driver\Src\stm32f4xx_hal.o
 .debug_aranges
                0x000000d8       0xa8 Drivers\STM32F4xx_HAL_Driver\Src\stm32f4xx_hal_cortex.o
 .debug_aranges
                0x00000180       0x58 Drivers\STM32F4xx_HAL_Driver\Src\stm32f4xx_hal_gpio.o
 .debug_aranges
                0x000001d8       0xc0 Drivers\STM32F4xx_HAL_Driver\Src\stm32f4xx_hal_pcd.o
 .debug_aranges
                0x00000298       0x28 Drivers\STM32F4xx_HAL_Driver\Src\stm32f4xx_hal_pcd_ex.o
 .debug_aranges
                0x000002c0       0x88 Drivers\STM32F4xx_HAL_Driver\Src\stm32f4xx_hal_rcc.o
 .debug_aranges
                0x00000348      0x250 Drivers\STM32F4xx_HAL_Driver\Src\stm32f4xx_hal_tim.o
 .debug_aranges
                0x00000598       0xf0 Drivers\STM32F4xx_HAL_Driver\Src\stm32f4xx_hal_tim_ex.o
 .debug_aranges
                0x00000688      0x178 Drivers\STM32F4xx_HAL_Driver\Src\stm32f4xx_ll_usb.o
 .debug_aranges
                0x00000800       0x90 Middlewares\ST\STM32_USB_Device_Library\Class\CDC\Src\usbd_cdc.o
 .debug_aranges
                0x00000890       0xa8 Middlewares\ST\STM32_USB_Device_Library\Core\Src\usbd_core.o
 .debug_aranges
                0x00000938       0x50 Middlewares\ST\STM32_USB_Device_Library\Core\Src\usbd_ctlreq.o
 .debug_aranges
                0x00000988       0x50 Middlewares\ST\STM32_USB_Device_Library\Core\Src\usbd_ioreq.o
 .debug_aranges
                0x000009d8      0x190 Middlewares\Third_Party\FreeRTOS\Source\CMSIS_RTOS\cmsis_os.o
 .debug_aranges
                0x00000b68       0x40 Middlewares\Third_Party\FreeRTOS\Source\list.o
 .debug_aranges
                0x00000ba8       0x80 Middlewares\Third_Party\FreeRTOS\Source\portable\GCC\ARM_CM4F\port.o
 .debug_aranges
                0x00000c28       0x48 Middlewares\Third_Party\FreeRTOS\Source\portable\MemMang\heap_4.o
 .debug_aranges
                0x00000c70      0x170 Middlewares\Third_Party\FreeRTOS\Source\tasks.o
 .debug_aranges
                0x00000de0       0x38 Src\main.o
 .debug_aranges
                0x00000e18       0x30 Src\stm32f4xx_hal_msp.o
 .debug_aranges
                0x00000e48       0x50 Src\stm32f4xx_it.o
 .debug_aranges
                0x00000e98       0x28 Src\system_stm32f4xx.o
 .debug_aranges
                0x00000ec0       0x20 Src\usb_device.o
 .debug_aranges
                0x00000ee0       0x40 Src\usbd_cdc_if.o
 .debug_aranges
                0x00000f20       0xf8 Src\usbd_conf.o
 .debug_aranges
                0x00001018       0x50 Src\usbd_desc.o
 .debug_aranges
                0x00001068       0x28 startup\startup_stm32f411xe.o

.debug_ranges   0x00000000     0x1380
 .debug_ranges  0x00000000       0xc8 Drivers\STM32F4xx_HAL_Driver\Src\stm32f4xx_hal.o
 .debug_ranges  0x000000c8      0x138 Drivers\STM32F4xx_HAL_Driver\Src\stm32f4xx_hal_cortex.o
 .debug_ranges  0x00000200       0x68 Drivers\STM32F4xx_HAL_Driver\Src\stm32f4xx_hal_gpio.o
 .debug_ranges  0x00000268       0xc8 Drivers\STM32F4xx_HAL_Driver\Src\stm32f4xx_hal_pcd.o
 .debug_ranges  0x00000330       0x18 Drivers\STM32F4xx_HAL_Driver\Src\stm32f4xx_hal_pcd_ex.o
 .debug_ranges  0x00000348       0xb0 Drivers\STM32F4xx_HAL_Driver\Src\stm32f4xx_hal_rcc.o
 .debug_ranges  0x000003f8      0x330 Drivers\STM32F4xx_HAL_Driver\Src\stm32f4xx_hal_tim.o
 .debug_ranges  0x00000728       0xe0 Drivers\STM32F4xx_HAL_Driver\Src\stm32f4xx_hal_tim_ex.o
 .debug_ranges  0x00000808      0x180 Drivers\STM32F4xx_HAL_Driver\Src\stm32f4xx_ll_usb.o
 .debug_ranges  0x00000988       0x80 Middlewares\ST\STM32_USB_Device_Library\Class\CDC\Src\usbd_cdc.o
 .debug_ranges  0x00000a08       0x98 Middlewares\ST\STM32_USB_Device_Library\Core\Src\usbd_core.o
 .debug_ranges  0x00000aa0       0xc0 Middlewares\ST\STM32_USB_Device_Library\Core\Src\usbd_ctlreq.o
 .debug_ranges  0x00000b60       0x40 Middlewares\ST\STM32_USB_Device_Library\Core\Src\usbd_ioreq.o
 .debug_ranges  0x00000ba0      0x180 Middlewares\Third_Party\FreeRTOS\Source\CMSIS_RTOS\cmsis_os.o
 .debug_ranges  0x00000d20       0x30 Middlewares\Third_Party\FreeRTOS\Source\list.o
 .debug_ranges  0x00000d50       0x88 Middlewares\Third_Party\FreeRTOS\Source\portable\GCC\ARM_CM4F\port.o
 .debug_ranges  0x00000dd8       0x38 Middlewares\Third_Party\FreeRTOS\Source\portable\MemMang\heap_4.o
 .debug_ranges  0x00000e10      0x270 Middlewares\Third_Party\FreeRTOS\Source\tasks.o
 .debug_ranges  0x00001080       0xb0 Src\main.o
 .debug_ranges  0x00001130       0x58 Src\stm32f4xx_hal_msp.o
 .debug_ranges  0x00001188       0x40 Src\stm32f4xx_it.o
 .debug_ranges  0x000011c8       0x18 Src\system_stm32f4xx.o
 .debug_ranges  0x000011e0       0x10 Src\usb_device.o
 .debug_ranges  0x000011f0       0x30 Src\usbd_cdc_if.o
 .debug_ranges  0x00001220      0x100 Src\usbd_conf.o
 .debug_ranges  0x00001320       0x40 Src\usbd_desc.o
 .debug_ranges  0x00001360       0x20 startup\startup_stm32f411xe.o

.debug_line     0x00000000     0x8e2a
 .debug_line    0x00000000      0x492 Drivers\STM32F4xx_HAL_Driver\Src\stm32f4xx_hal.o
 .debug_line    0x00000492      0x4dc Drivers\STM32F4xx_HAL_Driver\Src\stm32f4xx_hal_cortex.o
 .debug_line    0x0000096e      0x45e Drivers\STM32F4xx_HAL_Driver\Src\stm32f4xx_hal_gpio.o
 .debug_line    0x00000dcc      0x74a Drivers\STM32F4xx_HAL_Driver\Src\stm32f4xx_hal_pcd.o
 .debug_line    0x00001516      0x2ff Drivers\STM32F4xx_HAL_Driver\Src\stm32f4xx_hal_pcd_ex.o
 .debug_line    0x00001815      0x58b Drivers\STM32F4xx_HAL_Driver\Src\stm32f4xx_hal_rcc.o
 .debug_line    0x00001da0     0x10b4 Drivers\STM32F4xx_HAL_Driver\Src\stm32f4xx_hal_tim.o
 .debug_line    0x00002e54      0x6cb Drivers\STM32F4xx_HAL_Driver\Src\stm32f4xx_hal_tim_ex.o
 .debug_line    0x0000351f      0x8eb Drivers\STM32F4xx_HAL_Driver\Src\stm32f4xx_ll_usb.o
 .debug_line    0x00003e0a      0x4fb Middlewares\ST\STM32_USB_Device_Library\Class\CDC\Src\usbd_cdc.o
 .debug_line    0x00004305      0x4f4 Middlewares\ST\STM32_USB_Device_Library\Core\Src\usbd_core.o
 .debug_line    0x000047f9      0x474 Middlewares\ST\STM32_USB_Device_Library\Core\Src\usbd_ctlreq.o
 .debug_line    0x00004c6d      0x38a Middlewares\ST\STM32_USB_Device_Library\Core\Src\usbd_ioreq.o
 .debug_line    0x00004ff7      0x8d4 Middlewares\Third_Party\FreeRTOS\Source\CMSIS_RTOS\cmsis_os.o
 .debug_line    0x000058cb      0x368 Middlewares\Third_Party\FreeRTOS\Source\list.o
 .debug_line    0x00005c33      0x349 Middlewares\Third_Party\FreeRTOS\Source\portable\GCC\ARM_CM4F\port.o
 .debug_line    0x00005f7c      0x415 Middlewares\Third_Party\FreeRTOS\Source\portable\MemMang\heap_4.o
 .debug_line    0x00006391      0xb87 Middlewares\Third_Party\FreeRTOS\Source\tasks.o
 .debug_line    0x00006f18      0x53b Src\main.o
 .debug_line    0x00007453      0x327 Src\stm32f4xx_hal_msp.o
 .debug_line    0x0000777a      0x361 Src\stm32f4xx_it.o
 .debug_line    0x00007adb      0x275 Src\system_stm32f4xx.o
 .debug_line    0x00007d50      0x367 Src\usb_device.o
 .debug_line    0x000080b7      0x389 Src\usbd_cdc_if.o
 .debug_line    0x00008440      0x603 Src\usbd_conf.o
 .debug_line    0x00008a43      0x368 Src\usbd_desc.o
 .debug_line    0x00008dab       0x7f startup\startup_stm32f411xe.o

.debug_str      0x00000000     0x6106
 .debug_str     0x00000000      0xdcd Drivers\STM32F4xx_HAL_Driver\Src\stm32f4xx_hal.o
                                0xe73 (size before relaxing)
 .debug_str     0x00000dcd      0x3ba Drivers\STM32F4xx_HAL_Driver\Src\stm32f4xx_hal_cortex.o
                                0xf38 (size before relaxing)
 .debug_str     0x00001187      0x1d8 Drivers\STM32F4xx_HAL_Driver\Src\stm32f4xx_hal_gpio.o
                                0x978 (size before relaxing)
 .debug_str     0x0000135f      0x9cf Drivers\STM32F4xx_HAL_Driver\Src\stm32f4xx_hal_pcd.o
                               0x106e (size before relaxing)
 .debug_str     0x00001d2e       0x72 Drivers\STM32F4xx_HAL_Driver\Src\stm32f4xx_hal_pcd_ex.o
                                0x9f2 (size before relaxing)
 .debug_str     0x00001da0      0x2d5 Drivers\STM32F4xx_HAL_Driver\Src\stm32f4xx_hal_rcc.o
                                0xb4b (size before relaxing)
 .debug_str     0x00002075     0x10f0 Drivers\STM32F4xx_HAL_Driver\Src\stm32f4xx_hal_tim.o
                               0x182b (size before relaxing)
 .debug_str     0x00003165      0x50d Drivers\STM32F4xx_HAL_Driver\Src\stm32f4xx_hal_tim_ex.o
                               0x10eb (size before relaxing)
 .debug_str     0x00003672      0x3c4 Drivers\STM32F4xx_HAL_Driver\Src\stm32f4xx_ll_usb.o
                               0x1016 (size before relaxing)
 .debug_str     0x00003a36      0x623 Middlewares\ST\STM32_USB_Device_Library\Class\CDC\Src\usbd_cdc.o
                                0xd37 (size before relaxing)
 .debug_str     0x00004059      0x2a0 Middlewares\ST\STM32_USB_Device_Library\Core\Src\usbd_core.o
                                0xcc1 (size before relaxing)
 .debug_str     0x000042f9      0x125 Middlewares\ST\STM32_USB_Device_Library\Core\Src\usbd_ctlreq.o
                                0xbdb (size before relaxing)
 .debug_str     0x0000441e       0x51 Middlewares\ST\STM32_USB_Device_Library\Core\Src\usbd_ioreq.o
                                0xb08 (size before relaxing)
 .debug_str     0x0000446f      0xb40 Middlewares\Third_Party\FreeRTOS\Source\CMSIS_RTOS\cmsis_os.o
                               0x1205 (size before relaxing)
 .debug_str     0x00004faf      0x14f Middlewares\Third_Party\FreeRTOS\Source\list.o
                                0x752 (size before relaxing)
 .debug_str     0x000050fe      0x21e Middlewares\Third_Party\FreeRTOS\Source\portable\GCC\ARM_CM4F\port.o
                                0x481 (size before relaxing)
 .debug_str     0x0000531c      0x1e8 Middlewares\Third_Party\FreeRTOS\Source\portable\MemMang\heap_4.o
                                0x83b (size before relaxing)
 .debug_str     0x00005504      0x824 Middlewares\Third_Party\FreeRTOS\Source\tasks.o
                               0x124d (size before relaxing)
 .debug_str     0x00005d28       0xcf Src\main.o
                               0x1812 (size before relaxing)
 .debug_str     0x00005df7       0x28 Src\stm32f4xx_hal_msp.o
                               0x100e (size before relaxing)
 .debug_str     0x00005e1f       0xad Src\stm32f4xx_it.o
                                0xa1b (size before relaxing)
 .debug_str     0x00005ecc       0x45 Src\system_stm32f4xx.o
                                0x7dc (size before relaxing)
 .debug_str     0x00005f11       0x2b Src\usb_device.o
                                0xaa1 (size before relaxing)
 .debug_str     0x00005f3c       0x6b Src\usbd_cdc_if.o
                                0xb9b (size before relaxing)
 .debug_str     0x00005fa7       0x51 Src\usbd_conf.o
                               0x17b2 (size before relaxing)
 .debug_str     0x00005ff8      0x10e Src\usbd_desc.o
                                0x87c (size before relaxing)

.comment        0x00000000       0x7c
 .comment       0x00000000       0x7c Drivers\STM32F4xx_HAL_Driver\Src\stm32f4xx_hal.o
                                 0x7d (size before relaxing)
 .comment       0x0000007c       0x7d Drivers\STM32F4xx_HAL_Driver\Src\stm32f4xx_hal_cortex.o
 .comment       0x0000007c       0x7d Drivers\STM32F4xx_HAL_Driver\Src\stm32f4xx_hal_gpio.o
 .comment       0x0000007c       0x7d Drivers\STM32F4xx_HAL_Driver\Src\stm32f4xx_hal_pcd.o
 .comment       0x0000007c       0x7d Drivers\STM32F4xx_HAL_Driver\Src\stm32f4xx_hal_pcd_ex.o
 .comment       0x0000007c       0x7d Drivers\STM32F4xx_HAL_Driver\Src\stm32f4xx_hal_rcc.o
 .comment       0x0000007c       0x7d Drivers\STM32F4xx_HAL_Driver\Src\stm32f4xx_hal_tim.o
 .comment       0x0000007c       0x7d Drivers\STM32F4xx_HAL_Driver\Src\stm32f4xx_hal_tim_ex.o
 .comment       0x0000007c       0x7d Drivers\STM32F4xx_HAL_Driver\Src\stm32f4xx_ll_usb.o
 .comment       0x0000007c       0x7d Middlewares\ST\STM32_USB_Device_Library\Class\CDC\Src\usbd_cdc.o
 .comment       0x0000007c       0x7d Middlewares\ST\STM32_USB_Device_Library\Core\Src\usbd_core.o
 .comment       0x0000007c       0x7d Middlewares\ST\STM32_USB_Device_Library\Core\Src\usbd_ctlreq.o
 .comment       0x0000007c       0x7d Middlewares\ST\STM32_USB_Device_Library\Core\Src\usbd_ioreq.o
 .comment       0x0000007c       0x7d Middlewares\Third_Party\FreeRTOS\Source\CMSIS_RTOS\cmsis_os.o
 .comment       0x0000007c       0x7d Middlewares\Third_Party\FreeRTOS\Source\list.o
 .comment       0x0000007c       0x7d Middlewares\Third_Party\FreeRTOS\Source\portable\GCC\ARM_CM4F\port.o
 .comment       0x0000007c       0x7d Middlewares\Third_Party\FreeRTOS\Source\portable\MemMang\heap_4.o
 .comment       0x0000007c       0x7d Middlewares\Third_Party\FreeRTOS\Source\tasks.o
 .comment       0x0000007c       0x7d Src\main.o
 .comment       0x0000007c       0x7d Src\stm32f4xx_hal_msp.o
 .comment       0x0000007c       0x7d Src\stm32f4xx_it.o
 .comment       0x0000007c       0x7d Src\system_stm32f4xx.o
 .comment       0x0000007c       0x7d Src\usb_device.o
 .comment       0x0000007c       0x7d Src\usbd_cdc_if.o
 .comment       0x0000007c       0x7d Src\usbd_conf.o
 .comment       0x0000007c       0x7d Src\usbd_desc.o

.debug_frame    0x00000000     0x3190
 .debug_frame   0x00000000      0x1d0 Drivers\STM32F4xx_HAL_Driver\Src\stm32f4xx_hal.o
 .debug_frame   0x000001d0      0x158 Drivers\STM32F4xx_HAL_Driver\Src\stm32f4xx_hal_cortex.o
 .debug_frame   0x00000328       0xd8 Drivers\STM32F4xx_HAL_Driver\Src\stm32f4xx_hal_gpio.o
 .debug_frame   0x00000400      0x2c4 Drivers\STM32F4xx_HAL_Driver\Src\stm32f4xx_hal_pcd.o
 .debug_frame   0x000006c4       0x3c Drivers\STM32F4xx_HAL_Driver\Src\stm32f4xx_hal_pcd_ex.o
 .debug_frame   0x00000700      0x13c Drivers\STM32F4xx_HAL_Driver\Src\stm32f4xx_hal_rcc.o
 .debug_frame   0x0000083c      0x854 Drivers\STM32F4xx_HAL_Driver\Src\stm32f4xx_hal_tim.o
 .debug_frame   0x00001090      0x330 Drivers\STM32F4xx_HAL_Driver\Src\stm32f4xx_hal_tim_ex.o
 .debug_frame   0x000013c0      0x468 Drivers\STM32F4xx_HAL_Driver\Src\stm32f4xx_ll_usb.o
 .debug_frame   0x00001828      0x14c Middlewares\ST\STM32_USB_Device_Library\Class\CDC\Src\usbd_cdc.o
 .debug_frame   0x00001974      0x1c0 Middlewares\ST\STM32_USB_Device_Library\Core\Src\usbd_core.o
 .debug_frame   0x00001b34       0xcc Middlewares\ST\STM32_USB_Device_Library\Core\Src\usbd_ctlreq.o
 .debug_frame   0x00001c00       0xb8 Middlewares\ST\STM32_USB_Device_Library\Core\Src\usbd_ioreq.o
 .debug_frame   0x00001cb8      0x4d4 Middlewares\Third_Party\FreeRTOS\Source\CMSIS_RTOS\cmsis_os.o
 .debug_frame   0x0000218c       0x6c Middlewares\Third_Party\FreeRTOS\Source\list.o
 .debug_frame   0x000021f8       0xf0 Middlewares\Third_Party\FreeRTOS\Source\portable\GCC\ARM_CM4F\port.o
 .debug_frame   0x000022e8       0x98 Middlewares\Third_Party\FreeRTOS\Source\portable\MemMang\heap_4.o
 .debug_frame   0x00002380      0x4ac Middlewares\Third_Party\FreeRTOS\Source\tasks.o
 .debug_frame   0x0000282c       0x78 Src\main.o
 .debug_frame   0x000028a4       0x54 Src\stm32f4xx_hal_msp.o
 .debug_frame   0x000028f8       0x9c Src\stm32f4xx_it.o
 .debug_frame   0x00002994       0x38 Src\system_stm32f4xx.o
 .debug_frame   0x000029cc       0x2c Src\usb_device.o
 .debug_frame   0x000029f8       0x80 Src\usbd_cdc_if.o
 .debug_frame   0x00002a78      0x26c Src\usbd_conf.o
 .debug_frame   0x00002ce4       0xa8 Src\usbd_desc.o
 .debug_frame   0x00002d8c       0x2c c:/program files (x86)/atollic/truestudio for stm32 9.0.0/armtools/bin/../lib/gcc/arm-atollic-eabi/6.3.1/../../../../arm-atollic-eabi/lib/armv7e-m/fpu\libc_nano.a(lib_a-init.o)
 .debug_frame   0x00002db8       0x30 c:/program files (x86)/atollic/truestudio for stm32 9.0.0/armtools/bin/../lib/gcc/arm-atollic-eabi/6.3.1/../../../../arm-atollic-eabi/lib/armv7e-m/fpu\libc_nano.a(lib_a-malloc.o)
 .debug_frame   0x00002de8       0x28 c:/program files (x86)/atollic/truestudio for stm32 9.0.0/armtools/bin/../lib/gcc/arm-atollic-eabi/6.3.1/../../../../arm-atollic-eabi/lib/armv7e-m/fpu\libc_nano.a(lib_a-memcpy-stub.o)
 .debug_frame   0x00002e10       0x38 c:/program files (x86)/atollic/truestudio for stm32 9.0.0/armtools/bin/../lib/gcc/arm-atollic-eabi/6.3.1/../../../../arm-atollic-eabi/lib/armv7e-m/fpu\libc_nano.a(lib_a-nano-freer.o)
 .debug_frame   0x00002e48       0x2c c:/program files (x86)/atollic/truestudio for stm32 9.0.0/armtools/bin/../lib/gcc/arm-atollic-eabi/6.3.1/../../../../arm-atollic-eabi/lib/armv7e-m/fpu\libc_nano.a(lib_a-nano-mallocr.o)
 .debug_frame   0x00002e74       0x2c c:/program files (x86)/atollic/truestudio for stm32 9.0.0/armtools/bin/../lib/gcc/arm-atollic-eabi/6.3.1/../../../../arm-atollic-eabi/lib/armv7e-m/fpu\libc_nano.a(lib_a-sbrkr.o)
 .debug_frame   0x00002ea0       0x70 c:/program files (x86)/atollic/truestudio for stm32 9.0.0/armtools/bin/../lib/gcc/arm-atollic-eabi/6.3.1/../../../../arm-atollic-eabi/lib/armv7e-m/fpu\libc_nano.a(lib_a-sprintf.o)
 .debug_frame   0x00002f10       0x30 c:/program files (x86)/atollic/truestudio for stm32 9.0.0/armtools/bin/../lib/gcc/arm-atollic-eabi/6.3.1/../../../../arm-atollic-eabi/lib/armv7e-m/fpu\libc_nano.a(lib_a-mlock.o)
 .debug_frame   0x00002f40       0x90 c:/program files (x86)/atollic/truestudio for stm32 9.0.0/armtools/bin/../lib/gcc/arm-atollic-eabi/6.3.1/../../../../arm-atollic-eabi/lib/armv7e-m/fpu\libc_nano.a(lib_a-nano-svfprintf.o)
 .debug_frame   0x00002fd0       0x60 c:/program files (x86)/atollic/truestudio for stm32 9.0.0/armtools/bin/../lib/gcc/arm-atollic-eabi/6.3.1/../../../../arm-atollic-eabi/lib/armv7e-m/fpu\libc_nano.a(lib_a-nano-vfprintf_i.o)